{
  "annotationFqn": "org.springframework.stereotype.Service",
  "appliedFilter": {
    "includeLibraries": false,
    "scope": "ALL"
  },
  "countsByTarget": {
    "CLASS": 7
  },
  "page": 0,
  "pageSize": 50,
  "totalCount": 7,
  "totalPages": 1,
  "usages": [
    {
      "annotation": {
        "parameters": {
          "value": {
            "kind": "STRING",
            "value": ""
          }
        },
        "type": "org.springframework.stereotype.Service"
      },
      "classFqn": "com.example.shop.report.ReportGenerator",
      "classSimpleName": "ReportGenerator",
      "packageName": "com.example.shop.report",
      "source": "PROJECT",
      "target": "CLASS"
    },
    {
      "annotation": {
        "parameters": {
          "value": {
            "kind": "STRING",
            "value": ""
          }
        },
        "type": "org.springframework.stereotype.Service"
      },
      "classFqn": "com.example.shop.service.CustomerService",
      "classSimpleName": "CustomerService",
      "packageName": "com.example.shop.service",
      "source": "PROJECT",
      "target": "CLASS"
    },
    {
      "annotation": {
        "parameters": {
          "value": {
            "kind": "STRING",
            "value": ""
          }
        },
        "type": "org.springframework.stereotype.Service"
      },
      "classFqn": "com.example.shop.service.InventoryService",
      "classSimpleName": "InventoryService",
      "packageName": "com.example.shop.service",
      "source": "PROJECT",
      "target": "CLASS"
    },
    {
      "annotation": {
        "parameters": {
          "value": {
            "kind": "STRING",
            "value": ""
          }
        },
        "type": "org.springframework.stereotype.Service"
      },
      "classFqn": "com.example.shop.service.NotificationService",
      "classSimpleName": "NotificationService",
      "packageName": "com.example.shop.service",
      "source": "PROJECT",
      "target": "CLASS"
    },
    {
      "annotation": {
        "parameters": {
          "value": {
            "kind": "STRING",
            "value": ""
          }
        },
        "type": "org.springframework.stereotype.Service"
      },
      "classFqn": "com.example.shop.service.OrderService",
      "classSimpleName": "OrderService",
      "packageName": "com.example.shop.service",
      "source": "PROJECT",
      "target": "CLASS"
    },
    {
      "annotation": {
        "parameters": {
          "value": {
            "kind": "STRING",
            "value": ""
          }
        },
        "type": "org.springframework.stereotype.Service"
      },
      "classFqn": "com.example.shop.service.ProductServiceImpl",
      "classSimpleName": "ProductServiceImpl",
      "packageName": "com.example.shop.service",
      "source": "PROJECT",
      "target": "CLASS"
    },
    {
      "annotation": {
        "parameters": {
          "value": {
            "kind": "STRING",
            "value": ""
          }
        },
        "type": "org.springframework.stereotype.Service"
      },
      "classFqn": "com.example.shop.service.ReactiveCatalogService",
      "classSimpleName": "ReactiveCatalogService",
      "packageName": "com.example.shop.service",
      "source": "PROJECT",
      "target": "CLASS"
    }
  ]
}
