{
  "classpathEntryCount": "__BLANK__",
  "classpathResolvedBy": "Gradle Tooling API",
  "jdkClassCount": "__BLANK__",
  "libraryClassCount": "__BLANK__",
  "projectAbstractClassCount": 1,
  "projectAnnotationCount": 0,
  "projectClassCount": 33,
  "projectEnumCount": 0,
  "projectFieldCount": 36,
  "projectInterfaceCount": 5,
  "projectMethodCount": 69,
  "scanDurationMs": "__BLANK__",
  "scannedAt": "__BLANK__"
}
