{
  "methods": [
    {
      "classFqn": "com.example.shop.web.ProductController",
      "classSimpleName": "ProductController",
      "classSource": "PROJECT",
      "method": {
        "annotations": [
          {
            "parameters": {
              "processors": {
                "items": [
                  {
                    "kind": "CLASS",
                    "value": "org.springframework.aot.hint.annotation.SimpleReflectiveProcessor"
                  }
                ],
                "kind": "ARRAY"
              },
              "value": {
                "items": [
                  {
                    "kind": "CLASS",
                    "value": "org.springframework.web.bind.annotation.ControllerMappingReflectiveProcessor"
                  }
                ],
                "kind": "ARRAY"
              }
            },
            "type": "org.springframework.aot.hint.annotation.Reflective"
          },
          {
            "parameters": {
              "value": {
                "kind": "STRING",
                "value": "hasRole('ADMIN')"
              }
            },
            "type": "org.springframework.security.access.prepost.PreAuthorize"
          },
          {
            "parameters": {},
            "type": "org.springframework.web.bind.annotation.Mapping"
          },
          {
            "parameters": {
              "consumes": {
                "items": [],
                "kind": "ARRAY"
              },
              "headers": {
                "items": [],
                "kind": "ARRAY"
              },
              "name": {
                "kind": "STRING",
                "value": ""
              },
              "params": {
                "items": [],
                "kind": "ARRAY"
              },
              "path": {
                "items": [],
                "kind": "ARRAY"
              },
              "produces": {
                "items": [],
                "kind": "ARRAY"
              },
              "value": {
                "items": [
                  {
                    "kind": "STRING",
                    "value": "/import"
                  }
                ],
                "kind": "ARRAY"
              }
            },
            "type": "org.springframework.web.bind.annotation.PostMapping"
          },
          {
            "parameters": {
              "consumes": {
                "items": [],
                "kind": "ARRAY"
              },
              "headers": {
                "items": [],
                "kind": "ARRAY"
              },
              "method": {
                "items": [
                  {
                    "enumType": "org.springframework.web.bind.annotation.RequestMethod",
                    "kind": "ENUM",
                    "value": "POST"
                  }
                ],
                "kind": "ARRAY"
              },
              "name": {
                "kind": "STRING",
                "value": ""
              },
              "params": {
                "items": [],
                "kind": "ARRAY"
              },
              "path": {
                "items": [],
                "kind": "ARRAY"
              },
              "produces": {
                "items": [],
                "kind": "ARRAY"
              },
              "value": {
                "items": [],
                "kind": "ARRAY"
              }
            },
            "type": "org.springframework.web.bind.annotation.RequestMapping"
          }
        ],
        "descriptor": "(Lcom/example/shop/dto/ProductDto;)Lcom/example/shop/model/Product;",
        "isAbstract": false,
        "isFinal": false,
        "isStatic": false,
        "isSynthetic": false,
        "name": "importProduct",
        "parameters": [
          {
            "annotations": [
              {
                "parameters": {},
                "type": "jakarta.validation.Valid"
              },
              {
                "parameters": {
                  "required": {
                    "kind": "BOOLEAN",
                    "value": "true"
                  }
                },
                "type": "org.springframework.web.bind.annotation.RequestBody"
              }
            ],
            "name": "arg0",
            "type": "@jakarta.validation.Valid com.example.shop.dto.ProductDto"
          }
        ],
        "returnType": "com.example.shop.model.Product",
        "visibility": "PUBLIC"
      }
    }
  ],
  "page": 0,
  "pageSize": 50,
  "totalCount": 1,
  "totalPages": 1
}
