{
  "annotationFqn": "org.springframework.web.bind.annotation.RestController",
  "appliedFilter": {
    "includeLibraries": false,
    "scope": "ALL"
  },
  "countsByTarget": {
    "CLASS": 4
  },
  "page": 0,
  "pageSize": 50,
  "totalCount": 4,
  "totalPages": 1,
  "usages": [
    {
      "annotation": {
        "parameters": {
          "value": {
            "kind": "STRING",
            "value": ""
          }
        },
        "type": "org.springframework.web.bind.annotation.RestController"
      },
      "classFqn": "com.example.shop.web.CustomerController",
      "classSimpleName": "CustomerController",
      "packageName": "com.example.shop.web",
      "source": "PROJECT",
      "target": "CLASS"
    },
    {
      "annotation": {
        "parameters": {
          "value": {
            "kind": "STRING",
            "value": ""
          }
        },
        "type": "org.springframework.web.bind.annotation.RestController"
      },
      "classFqn": "com.example.shop.web.OrderController",
      "classSimpleName": "OrderController",
      "packageName": "com.example.shop.web",
      "source": "PROJECT",
      "target": "CLASS"
    },
    {
      "annotation": {
        "parameters": {
          "value": {
            "kind": "STRING",
            "value": ""
          }
        },
        "type": "org.springframework.web.bind.annotation.RestController"
      },
      "classFqn": "com.example.shop.web.ProductController",
      "classSimpleName": "ProductController",
      "packageName": "com.example.shop.web",
      "source": "PROJECT",
      "target": "CLASS"
    },
    {
      "annotation": {
        "parameters": {
          "value": {
            "kind": "STRING",
            "value": ""
          }
        },
        "type": "org.springframework.web.bind.annotation.RestController"
      },
      "classFqn": "com.example.shop.web.ReactiveController",
      "classSimpleName": "ReactiveController",
      "packageName": "com.example.shop.web",
      "source": "PROJECT",
      "target": "CLASS"
    }
  ]
}
