{
  "annotationFqn": "org.springframework.web.bind.annotation.RequestMapping",
  "appliedFilter": {
    "includeLibraries": false,
    "scope": "ALL"
  },
  "countsByTarget": {
    "CLASS": 4,
    "METHOD": 12
  },
  "page": 0,
  "pageSize": 50,
  "totalCount": 16,
  "totalPages": 1,
  "usages": [
    {
      "annotation": {
        "parameters": {
          "consumes": {
            "items": [],
            "kind": "ARRAY"
          },
          "headers": {
            "items": [],
            "kind": "ARRAY"
          },
          "method": {
            "items": [],
            "kind": "ARRAY"
          },
          "name": {
            "kind": "STRING",
            "value": ""
          },
          "params": {
            "items": [],
            "kind": "ARRAY"
          },
          "path": {
            "items": [],
            "kind": "ARRAY"
          },
          "produces": {
            "items": [],
            "kind": "ARRAY"
          },
          "value": {
            "items": [
              {
                "kind": "STRING",
                "value": "/customers"
              }
            ],
            "kind": "ARRAY"
          }
        },
        "type": "org.springframework.web.bind.annotation.RequestMapping"
      },
      "classFqn": "com.example.shop.web.CustomerController",
      "classSimpleName": "CustomerController",
      "packageName": "com.example.shop.web",
      "source": "PROJECT",
      "target": "CLASS"
    },
    {
      "annotation": {
        "parameters": {
          "consumes": {
            "items": [],
            "kind": "ARRAY"
          },
          "headers": {
            "items": [],
            "kind": "ARRAY"
          },
          "method": {
            "items": [
              {
                "enumType": "org.springframework.web.bind.annotation.RequestMethod",
                "kind": "ENUM",
                "value": "GET"
              }
            ],
            "kind": "ARRAY"
          },
          "name": {
            "kind": "STRING",
            "value": ""
          },
          "params": {
            "items": [],
            "kind": "ARRAY"
          },
          "path": {
            "items": [],
            "kind": "ARRAY"
          },
          "produces": {
            "items": [],
            "kind": "ARRAY"
          },
          "value": {
            "items": [],
            "kind": "ARRAY"
          }
        },
        "type": "org.springframework.web.bind.annotation.RequestMapping"
      },
      "classFqn": "com.example.shop.web.CustomerController",
      "classSimpleName": "CustomerController",
      "descriptor": "(Ljava/lang/Long;)Lcom/example/shop/model/Customer;",
      "method": "get",
      "packageName": "com.example.shop.web",
      "source": "PROJECT",
      "target": "METHOD"
    },
    {
      "annotation": {
        "parameters": {
          "consumes": {
            "items": [],
            "kind": "ARRAY"
          },
          "headers": {
            "items": [],
            "kind": "ARRAY"
          },
          "method": {
            "items": [
              {
                "enumType": "org.springframework.web.bind.annotation.RequestMethod",
                "kind": "ENUM",
                "value": "GET"
              }
            ],
            "kind": "ARRAY"
          },
          "name": {
            "kind": "STRING",
            "value": ""
          },
          "params": {
            "items": [],
            "kind": "ARRAY"
          },
          "path": {
            "items": [],
            "kind": "ARRAY"
          },
          "produces": {
            "items": [],
            "kind": "ARRAY"
          },
          "value": {
            "items": [],
            "kind": "ARRAY"
          }
        },
        "type": "org.springframework.web.bind.annotation.RequestMapping"
      },
      "classFqn": "com.example.shop.web.CustomerController",
      "classSimpleName": "CustomerController",
      "descriptor": "()Ljava/util/List;",
      "method": "list",
      "packageName": "com.example.shop.web",
      "source": "PROJECT",
      "target": "METHOD"
    },
    {
      "annotation": {
        "parameters": {
          "consumes": {
            "items": [],
            "kind": "ARRAY"
          },
          "headers": {
            "items": [],
            "kind": "ARRAY"
          },
          "method": {
            "items": [],
            "kind": "ARRAY"
          },
          "name": {
            "kind": "STRING",
            "value": ""
          },
          "params": {
            "items": [],
            "kind": "ARRAY"
          },
          "path": {
            "items": [],
            "kind": "ARRAY"
          },
          "produces": {
            "items": [],
            "kind": "ARRAY"
          },
          "value": {
            "items": [
              {
                "kind": "STRING",
                "value": "/orders"
              }
            ],
            "kind": "ARRAY"
          }
        },
        "type": "org.springframework.web.bind.annotation.RequestMapping"
      },
      "classFqn": "com.example.shop.web.OrderController",
      "classSimpleName": "OrderController",
      "packageName": "com.example.shop.web",
      "source": "PROJECT",
      "target": "CLASS"
    },
    {
      "annotation": {
        "parameters": {
          "consumes": {
            "items": [],
            "kind": "ARRAY"
          },
          "headers": {
            "items": [],
            "kind": "ARRAY"
          },
          "method": {
            "items": [
              {
                "enumType": "org.springframework.web.bind.annotation.RequestMethod",
                "kind": "ENUM",
                "value": "GET"
              }
            ],
            "kind": "ARRAY"
          },
          "name": {
            "kind": "STRING",
            "value": ""
          },
          "params": {
            "items": [],
            "kind": "ARRAY"
          },
          "path": {
            "items": [],
            "kind": "ARRAY"
          },
          "produces": {
            "items": [],
            "kind": "ARRAY"
          },
          "value": {
            "items": [],
            "kind": "ARRAY"
          }
        },
        "type": "org.springframework.web.bind.annotation.RequestMapping"
      },
      "classFqn": "com.example.shop.web.OrderController",
      "classSimpleName": "OrderController",
      "descriptor": "()J",
      "method": "count",
      "packageName": "com.example.shop.web",
      "source": "PROJECT",
      "target": "METHOD"
    },
    {
      "annotation": {
        "parameters": {
          "consumes": {
            "items": [],
            "kind": "ARRAY"
          },
          "headers": {
            "items": [],
            "kind": "ARRAY"
          },
          "method": {
            "items": [
              {
                "enumType": "org.springframework.web.bind.annotation.RequestMethod",
                "kind": "ENUM",
                "value": "POST"
              }
            ],
            "kind": "ARRAY"
          },
          "name": {
            "kind": "STRING",
            "value": ""
          },
          "params": {
            "items": [],
            "kind": "ARRAY"
          },
          "path": {
            "items": [],
            "kind": "ARRAY"
          },
          "produces": {
            "items": [],
            "kind": "ARRAY"
          },
          "value": {
            "items": [],
            "kind": "ARRAY"
          }
        },
        "type": "org.springframework.web.bind.annotation.RequestMapping"
      },
      "classFqn": "com.example.shop.web.OrderController",
      "classSimpleName": "OrderController",
      "descriptor": "(Lcom/example/shop/dto/OrderDto;)Lcom/example/shop/model/Order;",
      "method": "place",
      "packageName": "com.example.shop.web",
      "source": "PROJECT",
      "target": "METHOD"
    },
    {
      "annotation": {
        "parameters": {
          "consumes": {
            "items": [],
            "kind": "ARRAY"
          },
          "headers": {
            "items": [],
            "kind": "ARRAY"
          },
          "method": {
            "items": [],
            "kind": "ARRAY"
          },
          "name": {
            "kind": "STRING",
            "value": ""
          },
          "params": {
            "items": [],
            "kind": "ARRAY"
          },
          "path": {
            "items": [],
            "kind": "ARRAY"
          },
          "produces": {
            "items": [],
            "kind": "ARRAY"
          },
          "value": {
            "items": [
              {
                "kind": "STRING",
                "value": "/products"
              }
            ],
            "kind": "ARRAY"
          }
        },
        "type": "org.springframework.web.bind.annotation.RequestMapping"
      },
      "classFqn": "com.example.shop.web.ProductController",
      "classSimpleName": "ProductController",
      "packageName": "com.example.shop.web",
      "source": "PROJECT",
      "target": "CLASS"
    },
    {
      "annotation": {
        "parameters": {
          "consumes": {
            "items": [],
            "kind": "ARRAY"
          },
          "headers": {
            "items": [],
            "kind": "ARRAY"
          },
          "method": {
            "items": [
              {
                "enumType": "org.springframework.web.bind.annotation.RequestMethod",
                "kind": "ENUM",
                "value": "POST"
              }
            ],
            "kind": "ARRAY"
          },
          "name": {
            "kind": "STRING",
            "value": ""
          },
          "params": {
            "items": [],
            "kind": "ARRAY"
          },
          "path": {
            "items": [],
            "kind": "ARRAY"
          },
          "produces": {
            "items": [],
            "kind": "ARRAY"
          },
          "value": {
            "items": [],
            "kind": "ARRAY"
          }
        },
        "type": "org.springframework.web.bind.annotation.RequestMapping"
      },
      "classFqn": "com.example.shop.web.ProductController",
      "classSimpleName": "ProductController",
      "descriptor": "(Lcom/example/shop/dto/ProductDto;)Lcom/example/shop/model/Product;",
      "method": "create",
      "packageName": "com.example.shop.web",
      "source": "PROJECT",
      "target": "METHOD"
    },
    {
      "annotation": {
        "parameters": {
          "consumes": {
            "items": [],
            "kind": "ARRAY"
          },
          "headers": {
            "items": [],
            "kind": "ARRAY"
          },
          "method": {
            "items": [
              {
                "enumType": "org.springframework.web.bind.annotation.RequestMethod",
                "kind": "ENUM",
                "value": "GET"
              }
            ],
            "kind": "ARRAY"
          },
          "name": {
            "kind": "STRING",
            "value": ""
          },
          "params": {
            "items": [],
            "kind": "ARRAY"
          },
          "path": {
            "items": [],
            "kind": "ARRAY"
          },
          "produces": {
            "items": [],
            "kind": "ARRAY"
          },
          "value": {
            "items": [],
            "kind": "ARRAY"
          }
        },
        "type": "org.springframework.web.bind.annotation.RequestMapping"
      },
      "classFqn": "com.example.shop.web.ProductController",
      "classSimpleName": "ProductController",
      "descriptor": "(Ljava/lang/Long;)Lcom/example/shop/model/Product;",
      "method": "get",
      "packageName": "com.example.shop.web",
      "source": "PROJECT",
      "target": "METHOD"
    },
    {
      "annotation": {
        "parameters": {
          "consumes": {
            "items": [],
            "kind": "ARRAY"
          },
          "headers": {
            "items": [],
            "kind": "ARRAY"
          },
          "method": {
            "items": [
              {
                "enumType": "org.springframework.web.bind.annotation.RequestMethod",
                "kind": "ENUM",
                "value": "POST"
              }
            ],
            "kind": "ARRAY"
          },
          "name": {
            "kind": "STRING",
            "value": ""
          },
          "params": {
            "items": [],
            "kind": "ARRAY"
          },
          "path": {
            "items": [],
            "kind": "ARRAY"
          },
          "produces": {
            "items": [],
            "kind": "ARRAY"
          },
          "value": {
            "items": [],
            "kind": "ARRAY"
          }
        },
        "type": "org.springframework.web.bind.annotation.RequestMapping"
      },
      "classFqn": "com.example.shop.web.ProductController",
      "classSimpleName": "ProductController",
      "descriptor": "(Lcom/example/shop/dto/ProductDto;)Lcom/example/shop/model/Product;",
      "method": "importProduct",
      "packageName": "com.example.shop.web",
      "source": "PROJECT",
      "target": "METHOD"
    },
    {
      "annotation": {
        "parameters": {
          "consumes": {
            "items": [],
            "kind": "ARRAY"
          },
          "headers": {
            "items": [],
            "kind": "ARRAY"
          },
          "method": {
            "items": [
              {
                "enumType": "org.springframework.web.bind.annotation.RequestMethod",
                "kind": "ENUM",
                "value": "GET"
              }
            ],
            "kind": "ARRAY"
          },
          "name": {
            "kind": "STRING",
            "value": ""
          },
          "params": {
            "items": [],
            "kind": "ARRAY"
          },
          "path": {
            "items": [],
            "kind": "ARRAY"
          },
          "produces": {
            "items": [],
            "kind": "ARRAY"
          },
          "value": {
            "items": [],
            "kind": "ARRAY"
          }
        },
        "type": "org.springframework.web.bind.annotation.RequestMapping"
      },
      "classFqn": "com.example.shop.web.ProductController",
      "classSimpleName": "ProductController",
      "descriptor": "()Ljava/util/List;",
      "method": "list",
      "packageName": "com.example.shop.web",
      "source": "PROJECT",
      "target": "METHOD"
    },
    {
      "annotation": {
        "parameters": {
          "consumes": {
            "items": [],
            "kind": "ARRAY"
          },
          "headers": {
            "items": [],
            "kind": "ARRAY"
          },
          "method": {
            "items": [],
            "kind": "ARRAY"
          },
          "name": {
            "kind": "STRING",
            "value": ""
          },
          "params": {
            "items": [],
            "kind": "ARRAY"
          },
          "path": {
            "items": [],
            "kind": "ARRAY"
          },
          "produces": {
            "items": [],
            "kind": "ARRAY"
          },
          "value": {
            "items": [
              {
                "kind": "STRING",
                "value": "/catalog"
              }
            ],
            "kind": "ARRAY"
          }
        },
        "type": "org.springframework.web.bind.annotation.RequestMapping"
      },
      "classFqn": "com.example.shop.web.ReactiveController",
      "classSimpleName": "ReactiveController",
      "packageName": "com.example.shop.web",
      "source": "PROJECT",
      "target": "CLASS"
    },
    {
      "annotation": {
        "parameters": {
          "consumes": {
            "items": [],
            "kind": "ARRAY"
          },
          "headers": {
            "items": [],
            "kind": "ARRAY"
          },
          "method": {
            "items": [
              {
                "enumType": "org.springframework.web.bind.annotation.RequestMethod",
                "kind": "ENUM",
                "value": "GET"
              }
            ],
            "kind": "ARRAY"
          },
          "name": {
            "kind": "STRING",
            "value": ""
          },
          "params": {
            "items": [],
            "kind": "ARRAY"
          },
          "path": {
            "items": [],
            "kind": "ARRAY"
          },
          "produces": {
            "items": [],
            "kind": "ARRAY"
          },
          "value": {
            "items": [],
            "kind": "ARRAY"
          }
        },
        "type": "org.springframework.web.bind.annotation.RequestMapping"
      },
      "classFqn": "com.example.shop.web.ReactiveController",
      "classSimpleName": "ReactiveController",
      "descriptor": "(Ljava/lang/Long;)Lreactor/core/publisher/Mono;",
      "method": "blocking",
      "packageName": "com.example.shop.web",
      "source": "PROJECT",
      "target": "METHOD"
    },
    {
      "annotation": {
        "parameters": {
          "consumes": {
            "items": [],
            "kind": "ARRAY"
          },
          "headers": {
            "items": [],
            "kind": "ARRAY"
          },
          "method": {
            "items": [
              {
                "enumType": "org.springframework.web.bind.annotation.RequestMethod",
                "kind": "ENUM",
                "value": "GET"
              }
            ],
            "kind": "ARRAY"
          },
          "name": {
            "kind": "STRING",
            "value": ""
          },
          "params": {
            "items": [],
            "kind": "ARRAY"
          },
          "path": {
            "items": [],
            "kind": "ARRAY"
          },
          "produces": {
            "items": [],
            "kind": "ARRAY"
          },
          "value": {
            "items": [],
            "kind": "ARRAY"
          }
        },
        "type": "org.springframework.web.bind.annotation.RequestMapping"
      },
      "classFqn": "com.example.shop.web.ReactiveController",
      "classSimpleName": "ReactiveController",
      "descriptor": "(Ljava/lang/Long;)Lreactor/core/publisher/Mono;",
      "method": "one",
      "packageName": "com.example.shop.web",
      "source": "PROJECT",
      "target": "METHOD"
    },
    {
      "annotation": {
        "parameters": {
          "consumes": {
            "items": [],
            "kind": "ARRAY"
          },
          "headers": {
            "items": [],
            "kind": "ARRAY"
          },
          "method": {
            "items": [
              {
                "enumType": "org.springframework.web.bind.annotation.RequestMethod",
                "kind": "ENUM",
                "value": "GET"
              }
            ],
            "kind": "ARRAY"
          },
          "name": {
            "kind": "STRING",
            "value": ""
          },
          "params": {
            "items": [],
            "kind": "ARRAY"
          },
          "path": {
            "items": [],
            "kind": "ARRAY"
          },
          "produces": {
            "items": [],
            "kind": "ARRAY"
          },
          "value": {
            "items": [],
            "kind": "ARRAY"
          }
        },
        "type": "org.springframework.web.bind.annotation.RequestMapping"
      },
      "classFqn": "com.example.shop.web.ReactiveController",
      "classSimpleName": "ReactiveController",
      "descriptor": "(Ljava/lang/Long;)Lreactor/core/publisher/Mono;",
      "method": "stock",
      "packageName": "com.example.shop.web",
      "source": "PROJECT",
      "target": "METHOD"
    },
    {
      "annotation": {
        "parameters": {
          "consumes": {
            "items": [],
            "kind": "ARRAY"
          },
          "headers": {
            "items": [],
            "kind": "ARRAY"
          },
          "method": {
            "items": [
              {
                "enumType": "org.springframework.web.bind.annotation.RequestMethod",
                "kind": "ENUM",
                "value": "GET"
              }
            ],
            "kind": "ARRAY"
          },
          "name": {
            "kind": "STRING",
            "value": ""
          },
          "params": {
            "items": [],
            "kind": "ARRAY"
          },
          "path": {
            "items": [],
            "kind": "ARRAY"
          },
          "produces": {
            "items": [],
            "kind": "ARRAY"
          },
          "value": {
            "items": [],
            "kind": "ARRAY"
          }
        },
        "type": "org.springframework.web.bind.annotation.RequestMapping"
      },
      "classFqn": "com.example.shop.web.ReactiveController",
      "classSimpleName": "ReactiveController",
      "descriptor": "()Lreactor/core/publisher/Flux;",
      "method": "stream",
      "packageName": "com.example.shop.web",
      "source": "PROJECT",
      "target": "METHOD"
    }
  ]
}
