{
  "methods": [
    {
      "classFqn": "com.example.shop.service.OrderService",
      "classSimpleName": "OrderService",
      "classSource": "PROJECT",
      "method": {
        "annotations": [
          {
            "parameters": {
              "processors": {
                "items": [
                  {
                    "kind": "CLASS",
                    "value": "org.springframework.aot.hint.annotation.SimpleReflectiveProcessor"
                  }
                ],
                "kind": "ARRAY"
              },
              "value": {
                "items": [
                  {
                    "kind": "CLASS",
                    "value": "org.springframework.aot.hint.annotation.SimpleReflectiveProcessor"
                  }
                ],
                "kind": "ARRAY"
              }
            },
            "type": "org.springframework.aot.hint.annotation.Reflective"
          },
          {
            "parameters": {
              "isolation": {
                "enumType": "org.springframework.transaction.annotation.Isolation",
                "kind": "ENUM",
                "value": "DEFAULT"
              },
              "label": {
                "items": [],
                "kind": "ARRAY"
              },
              "noRollbackFor": {
                "items": [],
                "kind": "ARRAY"
              },
              "noRollbackForClassName": {
                "items": [],
                "kind": "ARRAY"
              },
              "propagation": {
                "enumType": "org.springframework.transaction.annotation.Propagation",
                "kind": "ENUM",
                "value": "REQUIRED"
              },
              "readOnly": {
                "kind": "BOOLEAN",
                "value": "false"
              },
              "rollbackFor": {
                "items": [],
                "kind": "ARRAY"
              },
              "rollbackForClassName": {
                "items": [],
                "kind": "ARRAY"
              },
              "timeout": {
                "kind": "INT",
                "value": "-1"
              },
              "timeoutString": {
                "kind": "STRING",
                "value": ""
              },
              "transactionManager": {
                "kind": "STRING",
                "value": ""
              },
              "value": {
                "kind": "STRING",
                "value": ""
              }
            },
            "type": "org.springframework.transaction.annotation.Transactional"
          }
        ],
        "descriptor": "(Ljava/lang/Long;D)Lcom/example/shop/model/Order;",
        "isAbstract": false,
        "isFinal": false,
        "isStatic": false,
        "isSynthetic": false,
        "name": "placeOrder",
        "parameters": [
          {
            "annotations": [],
            "name": "arg0",
            "type": "java.lang.Long"
          },
          {
            "annotations": [],
            "name": "arg1",
            "type": "double"
          }
        ],
        "returnType": "com.example.shop.model.Order",
        "visibility": "PUBLIC"
      }
    }
  ],
  "page": 0,
  "pageSize": 50,
  "totalCount": 1,
  "totalPages": 1
}
