{
  "annotationFqn": "org.springframework.web.bind.annotation.RestControllerAdvice",
  "appliedFilter": {
    "includeLibraries": false,
    "scope": "ALL"
  },
  "countsByTarget": {
    "CLASS": 1
  },
  "page": 0,
  "pageSize": 50,
  "totalCount": 1,
  "totalPages": 1,
  "usages": [
    {
      "annotation": {
        "parameters": {
          "annotations": {
            "items": [],
            "kind": "ARRAY"
          },
          "assignableTypes": {
            "items": [],
            "kind": "ARRAY"
          },
          "basePackageClasses": {
            "items": [],
            "kind": "ARRAY"
          },
          "basePackages": {
            "items": [],
            "kind": "ARRAY"
          },
          "name": {
            "kind": "STRING",
            "value": ""
          },
          "value": {
            "items": [],
            "kind": "ARRAY"
          }
        },
        "type": "org.springframework.web.bind.annotation.RestControllerAdvice"
      },
      "classFqn": "com.example.shop.web.GlobalExceptionHandler",
      "classSimpleName": "GlobalExceptionHandler",
      "packageName": "com.example.shop.web",
      "source": "PROJECT",
      "target": "CLASS"
    }
  ]
}
