{
  "appliedFilter": {
    "extendsClass": null,
    "hasAnnotation": null,
    "implementsInterface": null,
    "namePattern": null,
    "packagePattern": null,
    "source": "PROJECT"
  },
  "classes": [
    {
      "fieldCount": 0,
      "fqn": "com.example.shop.Application",
      "isAbstract": false,
      "isAnnotation": false,
      "isEnum": false,
      "isInterface": false,
      "methodCount": 1,
      "packageName": "com.example.shop",
      "simpleName": "Application",
      "source": "PROJECT"
    },
    {
      "fieldCount": 1,
      "fqn": "com.example.shop.config.AppConfig",
      "isAbstract": false,
      "isAnnotation": false,
      "isEnum": false,
      "isInterface": false,
      "methodCount": 1,
      "packageName": "com.example.shop.config",
      "simpleName": "AppConfig",
      "source": "PROJECT"
    },
    {
      "fieldCount": 2,
      "fqn": "com.example.shop.config.AppProperties",
      "isAbstract": false,
      "isAnnotation": false,
      "isEnum": false,
      "isInterface": false,
      "methodCount": 4,
      "packageName": "com.example.shop.config",
      "simpleName": "AppProperties",
      "source": "PROJECT"
    },
    {
      "fieldCount": 0,
      "fqn": "com.example.shop.config.DatabaseConfig",
      "isAbstract": false,
      "isAnnotation": false,
      "isEnum": false,
      "isInterface": false,
      "methodCount": 1,
      "packageName": "com.example.shop.config",
      "simpleName": "DatabaseConfig",
      "source": "PROJECT"
    },
    {
      "fieldCount": 0,
      "fqn": "com.example.shop.config.SecurityConfig",
      "isAbstract": false,
      "isAnnotation": false,
      "isEnum": false,
      "isInterface": false,
      "methodCount": 3,
      "packageName": "com.example.shop.config",
      "simpleName": "SecurityConfig",
      "source": "PROJECT"
    },
    {
      "fieldCount": 2,
      "fqn": "com.example.shop.dto.OrderDto",
      "isAbstract": false,
      "isAnnotation": false,
      "isEnum": false,
      "isInterface": false,
      "methodCount": 2,
      "packageName": "com.example.shop.dto",
      "simpleName": "OrderDto",
      "source": "PROJECT"
    },
    {
      "fieldCount": 2,
      "fqn": "com.example.shop.dto.ProductDto",
      "isAbstract": false,
      "isAnnotation": false,
      "isEnum": false,
      "isInterface": false,
      "methodCount": 2,
      "packageName": "com.example.shop.dto",
      "simpleName": "ProductDto",
      "source": "PROJECT"
    },
    {
      "fieldCount": 0,
      "fqn": "com.example.shop.exception.NotFoundException",
      "isAbstract": false,
      "isAnnotation": false,
      "isEnum": false,
      "isInterface": false,
      "methodCount": 0,
      "packageName": "com.example.shop.exception",
      "simpleName": "NotFoundException",
      "source": "PROJECT"
    },
    {
      "fieldCount": 0,
      "fqn": "com.example.shop.exception.ValidationException",
      "isAbstract": false,
      "isAnnotation": false,
      "isEnum": false,
      "isInterface": false,
      "methodCount": 0,
      "packageName": "com.example.shop.exception",
      "simpleName": "ValidationException",
      "source": "PROJECT"
    },
    {
      "fieldCount": 3,
      "fqn": "com.example.shop.model.Customer",
      "isAbstract": false,
      "isAnnotation": false,
      "isEnum": false,
      "isInterface": false,
      "methodCount": 3,
      "packageName": "com.example.shop.model",
      "simpleName": "Customer",
      "source": "PROJECT"
    },
    {
      "fieldCount": 3,
      "fqn": "com.example.shop.model.Order",
      "isAbstract": false,
      "isAnnotation": false,
      "isEnum": false,
      "isInterface": false,
      "methodCount": 4,
      "packageName": "com.example.shop.model",
      "simpleName": "Order",
      "source": "PROJECT"
    },
    {
      "fieldCount": 3,
      "fqn": "com.example.shop.model.Product",
      "isAbstract": false,
      "isAnnotation": false,
      "isEnum": false,
      "isInterface": false,
      "methodCount": 5,
      "packageName": "com.example.shop.model",
      "simpleName": "Product",
      "source": "PROJECT"
    },
    {
      "fieldCount": 3,
      "fqn": "com.example.shop.report.ReportGenerator",
      "isAbstract": false,
      "isAnnotation": false,
      "isEnum": false,
      "isInterface": false,
      "methodCount": 1,
      "packageName": "com.example.shop.report",
      "simpleName": "ReportGenerator",
      "source": "PROJECT"
    },
    {
      "fieldCount": 0,
      "fqn": "com.example.shop.repository.CustomerRepository",
      "isAbstract": true,
      "isAnnotation": false,
      "isEnum": false,
      "isInterface": true,
      "methodCount": 0,
      "packageName": "com.example.shop.repository",
      "simpleName": "CustomerRepository",
      "source": "PROJECT"
    },
    {
      "fieldCount": 0,
      "fqn": "com.example.shop.repository.OrderRepository",
      "isAbstract": true,
      "isAnnotation": false,
      "isEnum": false,
      "isInterface": true,
      "methodCount": 0,
      "packageName": "com.example.shop.repository",
      "simpleName": "OrderRepository",
      "source": "PROJECT"
    },
    {
      "fieldCount": 0,
      "fqn": "com.example.shop.repository.ProductRepository",
      "isAbstract": true,
      "isAnnotation": false,
      "isEnum": false,
      "isInterface": true,
      "methodCount": 1,
      "packageName": "com.example.shop.repository",
      "simpleName": "ProductRepository",
      "source": "PROJECT"
    },
    {
      "fieldCount": 2,
      "fqn": "com.example.shop.service.CustomerService",
      "isAbstract": false,
      "isAnnotation": false,
      "isEnum": false,
      "isInterface": false,
      "methodCount": 4,
      "packageName": "com.example.shop.service",
      "simpleName": "CustomerService",
      "source": "PROJECT"
    },
    {
      "fieldCount": 1,
      "fqn": "com.example.shop.service.InventoryService",
      "isAbstract": false,
      "isAnnotation": false,
      "isEnum": false,
      "isInterface": false,
      "methodCount": 1,
      "packageName": "com.example.shop.service",
      "simpleName": "InventoryService",
      "source": "PROJECT"
    },
    {
      "fieldCount": 0,
      "fqn": "com.example.shop.service.NotificationService",
      "isAbstract": false,
      "isAnnotation": false,
      "isEnum": false,
      "isInterface": false,
      "methodCount": 1,
      "packageName": "com.example.shop.service",
      "simpleName": "NotificationService",
      "source": "PROJECT"
    },
    {
      "fieldCount": 4,
      "fqn": "com.example.shop.service.OrderService",
      "isAbstract": false,
      "isAnnotation": false,
      "isEnum": false,
      "isInterface": false,
      "methodCount": 3,
      "packageName": "com.example.shop.service",
      "simpleName": "OrderService",
      "source": "PROJECT"
    },
    {
      "fieldCount": 0,
      "fqn": "com.example.shop.service.ProductService",
      "isAbstract": true,
      "isAnnotation": false,
      "isEnum": false,
      "isInterface": true,
      "methodCount": 3,
      "packageName": "com.example.shop.service",
      "simpleName": "ProductService",
      "source": "PROJECT"
    },
    {
      "fieldCount": 2,
      "fqn": "com.example.shop.service.ProductServiceImpl",
      "isAbstract": false,
      "isAnnotation": false,
      "isEnum": false,
      "isInterface": false,
      "methodCount": 4,
      "packageName": "com.example.shop.service",
      "simpleName": "ProductServiceImpl",
      "source": "PROJECT"
    },
    {
      "fieldCount": 1,
      "fqn": "com.example.shop.service.ReactiveCatalogService",
      "isAbstract": false,
      "isAnnotation": false,
      "isEnum": false,
      "isInterface": false,
      "methodCount": 2,
      "packageName": "com.example.shop.service",
      "simpleName": "ReactiveCatalogService",
      "source": "PROJECT"
    },
    {
      "fieldCount": 0,
      "fqn": "com.example.shop.web.BaseController",
      "isAbstract": true,
      "isAnnotation": false,
      "isEnum": false,
      "isInterface": false,
      "methodCount": 1,
      "packageName": "com.example.shop.web",
      "simpleName": "BaseController",
      "source": "PROJECT"
    },
    {
      "fieldCount": 1,
      "fqn": "com.example.shop.web.CatalogHandler",
      "isAbstract": false,
      "isAnnotation": false,
      "isEnum": false,
      "isInterface": false,
      "methodCount": 3,
      "packageName": "com.example.shop.web",
      "simpleName": "CatalogHandler",
      "source": "PROJECT"
    },
    {
      "fieldCount": 0,
      "fqn": "com.example.shop.web.CatalogRouter",
      "isAbstract": false,
      "isAnnotation": false,
      "isEnum": false,
      "isInterface": false,
      "methodCount": 1,
      "packageName": "com.example.shop.web",
      "simpleName": "CatalogRouter",
      "source": "PROJECT"
    },
    {
      "fieldCount": 1,
      "fqn": "com.example.shop.web.CustomerController",
      "isAbstract": false,
      "isAnnotation": false,
      "isEnum": false,
      "isInterface": false,
      "methodCount": 2,
      "packageName": "com.example.shop.web",
      "simpleName": "CustomerController",
      "source": "PROJECT"
    },
    {
      "fieldCount": 0,
      "fqn": "com.example.shop.web.GlobalExceptionHandler",
      "isAbstract": false,
      "isAnnotation": false,
      "isEnum": false,
      "isInterface": false,
      "methodCount": 2,
      "packageName": "com.example.shop.web",
      "simpleName": "GlobalExceptionHandler",
      "source": "PROJECT"
    },
    {
      "fieldCount": 1,
      "fqn": "com.example.shop.web.OrderController",
      "isAbstract": false,
      "isAnnotation": false,
      "isEnum": false,
      "isInterface": false,
      "methodCount": 2,
      "packageName": "com.example.shop.web",
      "simpleName": "OrderController",
      "source": "PROJECT"
    },
    {
      "fieldCount": 2,
      "fqn": "com.example.shop.web.ProductController",
      "isAbstract": false,
      "isAnnotation": false,
      "isEnum": false,
      "isInterface": false,
      "methodCount": 4,
      "packageName": "com.example.shop.web",
      "simpleName": "ProductController",
      "source": "PROJECT"
    },
    {
      "fieldCount": 2,
      "fqn": "com.example.shop.web.ReactiveController",
      "isAbstract": false,
      "isAnnotation": false,
      "isEnum": false,
      "isInterface": false,
      "methodCount": 4,
      "packageName": "com.example.shop.web",
      "simpleName": "ReactiveController",
      "source": "PROJECT"
    },
    {
      "fieldCount": 0,
      "fqn": "com.example.shop.web.mapper.ProductMapper",
      "isAbstract": true,
      "isAnnotation": false,
      "isEnum": false,
      "isInterface": true,
      "methodCount": 2,
      "packageName": "com.example.shop.web.mapper",
      "simpleName": "ProductMapper",
      "source": "PROJECT"
    },
    {
      "fieldCount": 0,
      "fqn": "com.example.shop.web.mapper.ProductMapperImpl",
      "isAbstract": false,
      "isAnnotation": false,
      "isEnum": false,
      "isInterface": false,
      "methodCount": 2,
      "packageName": "com.example.shop.web.mapper",
      "simpleName": "ProductMapperImpl",
      "source": "PROJECT"
    }
  ],
  "page": 0,
  "pageSize": 50,
  "totalCount": 33,
  "totalPages": 1
}
