{
  "methods": [
    {
      "classFqn": "com.example.shop.config.AppProperties",
      "classSimpleName": "AppProperties",
      "classSource": "PROJECT",
      "method": {
        "annotations": [],
        "descriptor": "()Ljava/lang/String;",
        "isAbstract": false,
        "isFinal": false,
        "isStatic": false,
        "isSynthetic": false,
        "name": "getCatalogUrl",
        "parameters": [],
        "returnType": "java.lang.String",
        "visibility": "PUBLIC"
      }
    },
    {
      "classFqn": "com.example.shop.config.AppProperties",
      "classSimpleName": "AppProperties",
      "classSource": "PROJECT",
      "method": {
        "annotations": [],
        "descriptor": "()I",
        "isAbstract": false,
        "isFinal": false,
        "isStatic": false,
        "isSynthetic": false,
        "name": "getPageSize",
        "parameters": [],
        "returnType": "int",
        "visibility": "PUBLIC"
      }
    },
    {
      "classFqn": "com.example.shop.dto.OrderDto",
      "classSimpleName": "OrderDto",
      "classSource": "PROJECT",
      "method": {
        "annotations": [],
        "descriptor": "()Ljava/lang/Long;",
        "isAbstract": false,
        "isFinal": false,
        "isStatic": false,
        "isSynthetic": false,
        "name": "getCustomerId",
        "parameters": [],
        "returnType": "java.lang.Long",
        "visibility": "PUBLIC"
      }
    },
    {
      "classFqn": "com.example.shop.dto.OrderDto",
      "classSimpleName": "OrderDto",
      "classSource": "PROJECT",
      "method": {
        "annotations": [],
        "descriptor": "()D",
        "isAbstract": false,
        "isFinal": false,
        "isStatic": false,
        "isSynthetic": false,
        "name": "getTotal",
        "parameters": [],
        "returnType": "double",
        "visibility": "PUBLIC"
      }
    },
    {
      "classFqn": "com.example.shop.dto.ProductDto",
      "classSimpleName": "ProductDto",
      "classSource": "PROJECT",
      "method": {
        "annotations": [],
        "descriptor": "()Ljava/lang/String;",
        "isAbstract": false,
        "isFinal": false,
        "isStatic": false,
        "isSynthetic": false,
        "name": "getName",
        "parameters": [],
        "returnType": "java.lang.String",
        "visibility": "PUBLIC"
      }
    },
    {
      "classFqn": "com.example.shop.dto.ProductDto",
      "classSimpleName": "ProductDto",
      "classSource": "PROJECT",
      "method": {
        "annotations": [],
        "descriptor": "()D",
        "isAbstract": false,
        "isFinal": false,
        "isStatic": false,
        "isSynthetic": false,
        "name": "getPrice",
        "parameters": [],
        "returnType": "double",
        "visibility": "PUBLIC"
      }
    },
    {
      "classFqn": "com.example.shop.model.Customer",
      "classSimpleName": "Customer",
      "classSource": "PROJECT",
      "method": {
        "annotations": [],
        "descriptor": "()Ljava/lang/String;",
        "isAbstract": false,
        "isFinal": false,
        "isStatic": false,
        "isSynthetic": false,
        "name": "getEmail",
        "parameters": [],
        "returnType": "java.lang.String",
        "visibility": "PUBLIC"
      }
    },
    {
      "classFqn": "com.example.shop.model.Customer",
      "classSimpleName": "Customer",
      "classSource": "PROJECT",
      "method": {
        "annotations": [],
        "descriptor": "()Ljava/lang/Long;",
        "isAbstract": false,
        "isFinal": false,
        "isStatic": false,
        "isSynthetic": false,
        "name": "getId",
        "parameters": [],
        "returnType": "java.lang.Long",
        "visibility": "PUBLIC"
      }
    },
    {
      "classFqn": "com.example.shop.model.Customer",
      "classSimpleName": "Customer",
      "classSource": "PROJECT",
      "method": {
        "annotations": [],
        "descriptor": "()Ljava/lang/String;",
        "isAbstract": false,
        "isFinal": false,
        "isStatic": false,
        "isSynthetic": false,
        "name": "getName",
        "parameters": [],
        "returnType": "java.lang.String",
        "visibility": "PUBLIC"
      }
    },
    {
      "classFqn": "com.example.shop.model.Order",
      "classSimpleName": "Order",
      "classSource": "PROJECT",
      "method": {
        "annotations": [],
        "descriptor": "()Lcom/example/shop/model/Customer;",
        "isAbstract": false,
        "isFinal": false,
        "isStatic": false,
        "isSynthetic": false,
        "name": "getCustomer",
        "parameters": [],
        "returnType": "com.example.shop.model.Customer",
        "visibility": "PUBLIC"
      }
    },
    {
      "classFqn": "com.example.shop.model.Order",
      "classSimpleName": "Order",
      "classSource": "PROJECT",
      "method": {
        "annotations": [],
        "descriptor": "()Ljava/lang/Long;",
        "isAbstract": false,
        "isFinal": false,
        "isStatic": false,
        "isSynthetic": false,
        "name": "getId",
        "parameters": [],
        "returnType": "java.lang.Long",
        "visibility": "PUBLIC"
      }
    },
    {
      "classFqn": "com.example.shop.model.Order",
      "classSimpleName": "Order",
      "classSource": "PROJECT",
      "method": {
        "annotations": [],
        "descriptor": "()D",
        "isAbstract": false,
        "isFinal": false,
        "isStatic": false,
        "isSynthetic": false,
        "name": "getTotal",
        "parameters": [],
        "returnType": "double",
        "visibility": "PUBLIC"
      }
    },
    {
      "classFqn": "com.example.shop.model.Product",
      "classSimpleName": "Product",
      "classSource": "PROJECT",
      "method": {
        "annotations": [],
        "descriptor": "()Ljava/lang/Long;",
        "isAbstract": false,
        "isFinal": false,
        "isStatic": false,
        "isSynthetic": false,
        "name": "getId",
        "parameters": [],
        "returnType": "java.lang.Long",
        "visibility": "PUBLIC"
      }
    },
    {
      "classFqn": "com.example.shop.model.Product",
      "classSimpleName": "Product",
      "classSource": "PROJECT",
      "method": {
        "annotations": [],
        "descriptor": "()Ljava/lang/String;",
        "isAbstract": false,
        "isFinal": false,
        "isStatic": false,
        "isSynthetic": false,
        "name": "getName",
        "parameters": [],
        "returnType": "java.lang.String",
        "visibility": "PUBLIC"
      }
    },
    {
      "classFqn": "com.example.shop.model.Product",
      "classSimpleName": "Product",
      "classSource": "PROJECT",
      "method": {
        "annotations": [],
        "descriptor": "()D",
        "isAbstract": false,
        "isFinal": false,
        "isStatic": false,
        "isSynthetic": false,
        "name": "getPrice",
        "parameters": [],
        "returnType": "double",
        "visibility": "PUBLIC"
      }
    },
    {
      "classFqn": "com.example.shop.web.CatalogHandler",
      "classSimpleName": "CatalogHandler",
      "classSource": "PROJECT",
      "method": {
        "annotations": [],
        "descriptor": "(Lorg/springframework/web/reactive/function/server/ServerRequest;)Lreactor/core/publisher/Mono;",
        "isAbstract": false,
        "isFinal": false,
        "isStatic": false,
        "isSynthetic": false,
        "name": "get",
        "parameters": [
          {
            "annotations": [],
            "name": "arg0",
            "type": "org.springframework.web.reactive.function.server.ServerRequest"
          }
        ],
        "returnType": "reactor.core.publisher.Mono\u003corg.springframework.web.reactive.function.server.ServerResponse\u003e",
        "visibility": "PUBLIC"
      }
    },
    {
      "classFqn": "com.example.shop.web.CustomerController",
      "classSimpleName": "CustomerController",
      "classSource": "PROJECT",
      "method": {
        "annotations": [
          {
            "parameters": {
              "processors": {
                "items": [
                  {
                    "kind": "CLASS",
                    "value": "org.springframework.aot.hint.annotation.SimpleReflectiveProcessor"
                  }
                ],
                "kind": "ARRAY"
              },
              "value": {
                "items": [
                  {
                    "kind": "CLASS",
                    "value": "org.springframework.web.bind.annotation.ControllerMappingReflectiveProcessor"
                  }
                ],
                "kind": "ARRAY"
              }
            },
            "type": "org.springframework.aot.hint.annotation.Reflective"
          },
          {
            "parameters": {
              "consumes": {
                "items": [],
                "kind": "ARRAY"
              },
              "headers": {
                "items": [],
                "kind": "ARRAY"
              },
              "name": {
                "kind": "STRING",
                "value": ""
              },
              "params": {
                "items": [],
                "kind": "ARRAY"
              },
              "path": {
                "items": [],
                "kind": "ARRAY"
              },
              "produces": {
                "items": [],
                "kind": "ARRAY"
              },
              "value": {
                "items": [
                  {
                    "kind": "STRING",
                    "value": "/{id}"
                  }
                ],
                "kind": "ARRAY"
              }
            },
            "type": "org.springframework.web.bind.annotation.GetMapping"
          },
          {
            "parameters": {},
            "type": "org.springframework.web.bind.annotation.Mapping"
          },
          {
            "parameters": {
              "consumes": {
                "items": [],
                "kind": "ARRAY"
              },
              "headers": {
                "items": [],
                "kind": "ARRAY"
              },
              "method": {
                "items": [
                  {
                    "enumType": "org.springframework.web.bind.annotation.RequestMethod",
                    "kind": "ENUM",
                    "value": "GET"
                  }
                ],
                "kind": "ARRAY"
              },
              "name": {
                "kind": "STRING",
                "value": ""
              },
              "params": {
                "items": [],
                "kind": "ARRAY"
              },
              "path": {
                "items": [],
                "kind": "ARRAY"
              },
              "produces": {
                "items": [],
                "kind": "ARRAY"
              },
              "value": {
                "items": [],
                "kind": "ARRAY"
              }
            },
            "type": "org.springframework.web.bind.annotation.RequestMapping"
          }
        ],
        "descriptor": "(Ljava/lang/Long;)Lcom/example/shop/model/Customer;",
        "isAbstract": false,
        "isFinal": false,
        "isStatic": false,
        "isSynthetic": false,
        "name": "get",
        "parameters": [
          {
            "annotations": [
              {
                "parameters": {
                  "name": {
                    "kind": "STRING",
                    "value": ""
                  },
                  "required": {
                    "kind": "BOOLEAN",
                    "value": "true"
                  },
                  "value": {
                    "kind": "STRING",
                    "value": ""
                  }
                },
                "type": "org.springframework.web.bind.annotation.PathVariable"
              }
            ],
            "name": "arg0",
            "type": "java.lang.Long"
          }
        ],
        "returnType": "com.example.shop.model.Customer",
        "visibility": "PUBLIC"
      }
    },
    {
      "classFqn": "com.example.shop.web.ProductController",
      "classSimpleName": "ProductController",
      "classSource": "PROJECT",
      "method": {
        "annotations": [
          {
            "parameters": {
              "processors": {
                "items": [
                  {
                    "kind": "CLASS",
                    "value": "org.springframework.aot.hint.annotation.SimpleReflectiveProcessor"
                  }
                ],
                "kind": "ARRAY"
              },
              "value": {
                "items": [
                  {
                    "kind": "CLASS",
                    "value": "org.springframework.web.bind.annotation.ControllerMappingReflectiveProcessor"
                  }
                ],
                "kind": "ARRAY"
              }
            },
            "type": "org.springframework.aot.hint.annotation.Reflective"
          },
          {
            "parameters": {
              "consumes": {
                "items": [],
                "kind": "ARRAY"
              },
              "headers": {
                "items": [],
                "kind": "ARRAY"
              },
              "name": {
                "kind": "STRING",
                "value": ""
              },
              "params": {
                "items": [],
                "kind": "ARRAY"
              },
              "path": {
                "items": [],
                "kind": "ARRAY"
              },
              "produces": {
                "items": [],
                "kind": "ARRAY"
              },
              "value": {
                "items": [
                  {
                    "kind": "STRING",
                    "value": "/{id}"
                  }
                ],
                "kind": "ARRAY"
              }
            },
            "type": "org.springframework.web.bind.annotation.GetMapping"
          },
          {
            "parameters": {},
            "type": "org.springframework.web.bind.annotation.Mapping"
          },
          {
            "parameters": {
              "consumes": {
                "items": [],
                "kind": "ARRAY"
              },
              "headers": {
                "items": [],
                "kind": "ARRAY"
              },
              "method": {
                "items": [
                  {
                    "enumType": "org.springframework.web.bind.annotation.RequestMethod",
                    "kind": "ENUM",
                    "value": "GET"
                  }
                ],
                "kind": "ARRAY"
              },
              "name": {
                "kind": "STRING",
                "value": ""
              },
              "params": {
                "items": [],
                "kind": "ARRAY"
              },
              "path": {
                "items": [],
                "kind": "ARRAY"
              },
              "produces": {
                "items": [],
                "kind": "ARRAY"
              },
              "value": {
                "items": [],
                "kind": "ARRAY"
              }
            },
            "type": "org.springframework.web.bind.annotation.RequestMapping"
          }
        ],
        "descriptor": "(Ljava/lang/Long;)Lcom/example/shop/model/Product;",
        "isAbstract": false,
        "isFinal": false,
        "isStatic": false,
        "isSynthetic": false,
        "name": "get",
        "parameters": [
          {
            "annotations": [
              {
                "parameters": {
                  "name": {
                    "kind": "STRING",
                    "value": ""
                  },
                  "required": {
                    "kind": "BOOLEAN",
                    "value": "true"
                  },
                  "value": {
                    "kind": "STRING",
                    "value": ""
                  }
                },
                "type": "org.springframework.web.bind.annotation.PathVariable"
              }
            ],
            "name": "arg0",
            "type": "java.lang.Long"
          }
        ],
        "returnType": "com.example.shop.model.Product",
        "visibility": "PUBLIC"
      }
    }
  ],
  "page": 0,
  "pageSize": 50,
  "totalCount": 18,
  "totalPages": 1
}
