{
  "annotationFqn": "org.springframework.web.bind.annotation.RestController",
  "totalCount": 4,
  "usages": [
    {
      "fieldCount": 1,
      "fqn": "com.example.shop.web.CustomerController",
      "isAbstract": false,
      "isAnnotation": false,
      "isEnum": false,
      "isInterface": false,
      "methodCount": 2,
      "packageName": "com.example.shop.web",
      "simpleName": "CustomerController",
      "source": "PROJECT"
    },
    {
      "fieldCount": 1,
      "fqn": "com.example.shop.web.OrderController",
      "isAbstract": false,
      "isAnnotation": false,
      "isEnum": false,
      "isInterface": false,
      "methodCount": 2,
      "packageName": "com.example.shop.web",
      "simpleName": "OrderController",
      "source": "PROJECT"
    },
    {
      "fieldCount": 1,
      "fqn": "com.example.shop.web.ProductController",
      "isAbstract": false,
      "isAnnotation": false,
      "isEnum": false,
      "isInterface": false,
      "methodCount": 3,
      "packageName": "com.example.shop.web",
      "simpleName": "ProductController",
      "source": "PROJECT"
    },
    {
      "fieldCount": 1,
      "fqn": "com.example.shop.web.ReactiveController",
      "isAbstract": false,
      "isAnnotation": false,
      "isEnum": false,
      "isInterface": false,
      "methodCount": 2,
      "packageName": "com.example.shop.web",
      "simpleName": "ReactiveController",
      "source": "PROJECT"
    }
  ]
}
