{
  "appliedFilter": {
    "extendsClass": null,
    "hasAnnotation": "org.springframework.stereotype.Controller",
    "implementsInterface": null,
    "namePattern": null,
    "packagePattern": null,
    "source": "PROJECT"
  },
  "classes": [
    {
      "fieldCount": 1,
      "fqn": "com.example.shop.web.CustomerController",
      "isAbstract": false,
      "isAnnotation": false,
      "isEnum": false,
      "isInterface": false,
      "methodCount": 2,
      "packageName": "com.example.shop.web",
      "simpleName": "CustomerController",
      "source": "PROJECT"
    },
    {
      "fieldCount": 1,
      "fqn": "com.example.shop.web.OrderController",
      "isAbstract": false,
      "isAnnotation": false,
      "isEnum": false,
      "isInterface": false,
      "methodCount": 2,
      "packageName": "com.example.shop.web",
      "simpleName": "OrderController",
      "source": "PROJECT"
    },
    {
      "fieldCount": 2,
      "fqn": "com.example.shop.web.ProductController",
      "isAbstract": false,
      "isAnnotation": false,
      "isEnum": false,
      "isInterface": false,
      "methodCount": 4,
      "packageName": "com.example.shop.web",
      "simpleName": "ProductController",
      "source": "PROJECT"
    },
    {
      "fieldCount": 2,
      "fqn": "com.example.shop.web.ReactiveController",
      "isAbstract": false,
      "isAnnotation": false,
      "isEnum": false,
      "isInterface": false,
      "methodCount": 4,
      "packageName": "com.example.shop.web",
      "simpleName": "ReactiveController",
      "source": "PROJECT"
    }
  ],
  "page": 0,
  "pageSize": 50,
  "totalCount": 4,
  "totalPages": 1
}
