{
  "methods": [
    {
      "classFqn": "com.example.shop.web.CustomerController",
      "classSimpleName": "CustomerController",
      "classSource": "PROJECT",
      "method": {
        "annotations": [
          {
            "parameters": {
              "processors": {
                "items": [
                  {
                    "kind": "CLASS",
                    "value": "org.springframework.aot.hint.annotation.SimpleReflectiveProcessor"
                  }
                ],
                "kind": "ARRAY"
              },
              "value": {
                "items": [
                  {
                    "kind": "CLASS",
                    "value": "org.springframework.web.bind.annotation.ControllerMappingReflectiveProcessor"
                  }
                ],
                "kind": "ARRAY"
              }
            },
            "type": "org.springframework.aot.hint.annotation.Reflective"
          },
          {
            "parameters": {
              "consumes": {
                "items": [],
                "kind": "ARRAY"
              },
              "headers": {
                "items": [],
                "kind": "ARRAY"
              },
              "name": {
                "kind": "STRING",
                "value": ""
              },
              "params": {
                "items": [],
                "kind": "ARRAY"
              },
              "path": {
                "items": [],
                "kind": "ARRAY"
              },
              "produces": {
                "items": [],
                "kind": "ARRAY"
              },
              "value": {
                "items": [
                  {
                    "kind": "STRING",
                    "value": "/{id}"
                  }
                ],
                "kind": "ARRAY"
              }
            },
            "type": "org.springframework.web.bind.annotation.GetMapping"
          },
          {
            "parameters": {},
            "type": "org.springframework.web.bind.annotation.Mapping"
          },
          {
            "parameters": {
              "consumes": {
                "items": [],
                "kind": "ARRAY"
              },
              "headers": {
                "items": [],
                "kind": "ARRAY"
              },
              "method": {
                "items": [
                  {
                    "enumType": "org.springframework.web.bind.annotation.RequestMethod",
                    "kind": "ENUM",
                    "value": "GET"
                  }
                ],
                "kind": "ARRAY"
              },
              "name": {
                "kind": "STRING",
                "value": ""
              },
              "params": {
                "items": [],
                "kind": "ARRAY"
              },
              "path": {
                "items": [],
                "kind": "ARRAY"
              },
              "produces": {
                "items": [],
                "kind": "ARRAY"
              },
              "value": {
                "items": [],
                "kind": "ARRAY"
              }
            },
            "type": "org.springframework.web.bind.annotation.RequestMapping"
          }
        ],
        "descriptor": "(Ljava/lang/Long;)Lcom/example/shop/model/Customer;",
        "isAbstract": false,
        "isFinal": false,
        "isStatic": false,
        "isSynthetic": false,
        "name": "get",
        "parameters": [
          {
            "annotations": [
              {
                "parameters": {
                  "name": {
                    "kind": "STRING",
                    "value": ""
                  },
                  "required": {
                    "kind": "BOOLEAN",
                    "value": "true"
                  },
                  "value": {
                    "kind": "STRING",
                    "value": ""
                  }
                },
                "type": "org.springframework.web.bind.annotation.PathVariable"
              }
            ],
            "name": "arg0",
            "type": "java.lang.Long"
          }
        ],
        "returnType": "com.example.shop.model.Customer",
        "visibility": "PUBLIC"
      }
    },
    {
      "classFqn": "com.example.shop.web.CustomerController",
      "classSimpleName": "CustomerController",
      "classSource": "PROJECT",
      "method": {
        "annotations": [
          {
            "parameters": {
              "processors": {
                "items": [
                  {
                    "kind": "CLASS",
                    "value": "org.springframework.aot.hint.annotation.SimpleReflectiveProcessor"
                  }
                ],
                "kind": "ARRAY"
              },
              "value": {
                "items": [
                  {
                    "kind": "CLASS",
                    "value": "org.springframework.web.bind.annotation.ControllerMappingReflectiveProcessor"
                  }
                ],
                "kind": "ARRAY"
              }
            },
            "type": "org.springframework.aot.hint.annotation.Reflective"
          },
          {
            "parameters": {
              "consumes": {
                "items": [],
                "kind": "ARRAY"
              },
              "headers": {
                "items": [],
                "kind": "ARRAY"
              },
              "name": {
                "kind": "STRING",
                "value": ""
              },
              "params": {
                "items": [],
                "kind": "ARRAY"
              },
              "path": {
                "items": [],
                "kind": "ARRAY"
              },
              "produces": {
                "items": [],
                "kind": "ARRAY"
              },
              "value": {
                "items": [],
                "kind": "ARRAY"
              }
            },
            "type": "org.springframework.web.bind.annotation.GetMapping"
          },
          {
            "parameters": {},
            "type": "org.springframework.web.bind.annotation.Mapping"
          },
          {
            "parameters": {
              "consumes": {
                "items": [],
                "kind": "ARRAY"
              },
              "headers": {
                "items": [],
                "kind": "ARRAY"
              },
              "method": {
                "items": [
                  {
                    "enumType": "org.springframework.web.bind.annotation.RequestMethod",
                    "kind": "ENUM",
                    "value": "GET"
                  }
                ],
                "kind": "ARRAY"
              },
              "name": {
                "kind": "STRING",
                "value": ""
              },
              "params": {
                "items": [],
                "kind": "ARRAY"
              },
              "path": {
                "items": [],
                "kind": "ARRAY"
              },
              "produces": {
                "items": [],
                "kind": "ARRAY"
              },
              "value": {
                "items": [],
                "kind": "ARRAY"
              }
            },
            "type": "org.springframework.web.bind.annotation.RequestMapping"
          }
        ],
        "descriptor": "()Ljava/util/List;",
        "isAbstract": false,
        "isFinal": false,
        "isStatic": false,
        "isSynthetic": false,
        "name": "list",
        "parameters": [],
        "returnType": "java.util.List\u003ccom.example.shop.model.Customer\u003e",
        "visibility": "PUBLIC"
      }
    },
    {
      "classFqn": "com.example.shop.web.OrderController",
      "classSimpleName": "OrderController",
      "classSource": "PROJECT",
      "method": {
        "annotations": [
          {
            "parameters": {
              "processors": {
                "items": [
                  {
                    "kind": "CLASS",
                    "value": "org.springframework.aot.hint.annotation.SimpleReflectiveProcessor"
                  }
                ],
                "kind": "ARRAY"
              },
              "value": {
                "items": [
                  {
                    "kind": "CLASS",
                    "value": "org.springframework.web.bind.annotation.ControllerMappingReflectiveProcessor"
                  }
                ],
                "kind": "ARRAY"
              }
            },
            "type": "org.springframework.aot.hint.annotation.Reflective"
          },
          {
            "parameters": {
              "consumes": {
                "items": [],
                "kind": "ARRAY"
              },
              "headers": {
                "items": [],
                "kind": "ARRAY"
              },
              "name": {
                "kind": "STRING",
                "value": ""
              },
              "params": {
                "items": [],
                "kind": "ARRAY"
              },
              "path": {
                "items": [],
                "kind": "ARRAY"
              },
              "produces": {
                "items": [],
                "kind": "ARRAY"
              },
              "value": {
                "items": [
                  {
                    "kind": "STRING",
                    "value": "/count"
                  }
                ],
                "kind": "ARRAY"
              }
            },
            "type": "org.springframework.web.bind.annotation.GetMapping"
          },
          {
            "parameters": {},
            "type": "org.springframework.web.bind.annotation.Mapping"
          },
          {
            "parameters": {
              "consumes": {
                "items": [],
                "kind": "ARRAY"
              },
              "headers": {
                "items": [],
                "kind": "ARRAY"
              },
              "method": {
                "items": [
                  {
                    "enumType": "org.springframework.web.bind.annotation.RequestMethod",
                    "kind": "ENUM",
                    "value": "GET"
                  }
                ],
                "kind": "ARRAY"
              },
              "name": {
                "kind": "STRING",
                "value": ""
              },
              "params": {
                "items": [],
                "kind": "ARRAY"
              },
              "path": {
                "items": [],
                "kind": "ARRAY"
              },
              "produces": {
                "items": [],
                "kind": "ARRAY"
              },
              "value": {
                "items": [],
                "kind": "ARRAY"
              }
            },
            "type": "org.springframework.web.bind.annotation.RequestMapping"
          }
        ],
        "descriptor": "()J",
        "isAbstract": false,
        "isFinal": false,
        "isStatic": false,
        "isSynthetic": false,
        "name": "count",
        "parameters": [],
        "returnType": "long",
        "visibility": "PUBLIC"
      }
    },
    {
      "classFqn": "com.example.shop.web.OrderController",
      "classSimpleName": "OrderController",
      "classSource": "PROJECT",
      "method": {
        "annotations": [
          {
            "parameters": {
              "processors": {
                "items": [
                  {
                    "kind": "CLASS",
                    "value": "org.springframework.aot.hint.annotation.SimpleReflectiveProcessor"
                  }
                ],
                "kind": "ARRAY"
              },
              "value": {
                "items": [
                  {
                    "kind": "CLASS",
                    "value": "org.springframework.web.bind.annotation.ControllerMappingReflectiveProcessor"
                  }
                ],
                "kind": "ARRAY"
              }
            },
            "type": "org.springframework.aot.hint.annotation.Reflective"
          },
          {
            "parameters": {},
            "type": "org.springframework.web.bind.annotation.Mapping"
          },
          {
            "parameters": {
              "consumes": {
                "items": [],
                "kind": "ARRAY"
              },
              "headers": {
                "items": [],
                "kind": "ARRAY"
              },
              "name": {
                "kind": "STRING",
                "value": ""
              },
              "params": {
                "items": [],
                "kind": "ARRAY"
              },
              "path": {
                "items": [],
                "kind": "ARRAY"
              },
              "produces": {
                "items": [],
                "kind": "ARRAY"
              },
              "value": {
                "items": [],
                "kind": "ARRAY"
              }
            },
            "type": "org.springframework.web.bind.annotation.PostMapping"
          },
          {
            "parameters": {
              "consumes": {
                "items": [],
                "kind": "ARRAY"
              },
              "headers": {
                "items": [],
                "kind": "ARRAY"
              },
              "method": {
                "items": [
                  {
                    "enumType": "org.springframework.web.bind.annotation.RequestMethod",
                    "kind": "ENUM",
                    "value": "POST"
                  }
                ],
                "kind": "ARRAY"
              },
              "name": {
                "kind": "STRING",
                "value": ""
              },
              "params": {
                "items": [],
                "kind": "ARRAY"
              },
              "path": {
                "items": [],
                "kind": "ARRAY"
              },
              "produces": {
                "items": [],
                "kind": "ARRAY"
              },
              "value": {
                "items": [],
                "kind": "ARRAY"
              }
            },
            "type": "org.springframework.web.bind.annotation.RequestMapping"
          }
        ],
        "descriptor": "(Lcom/example/shop/dto/OrderDto;)Lcom/example/shop/model/Order;",
        "isAbstract": false,
        "isFinal": false,
        "isStatic": false,
        "isSynthetic": false,
        "name": "place",
        "parameters": [
          {
            "annotations": [
              {
                "parameters": {
                  "required": {
                    "kind": "BOOLEAN",
                    "value": "true"
                  }
                },
                "type": "org.springframework.web.bind.annotation.RequestBody"
              }
            ],
            "name": "arg0",
            "type": "com.example.shop.dto.OrderDto"
          }
        ],
        "returnType": "com.example.shop.model.Order",
        "visibility": "PUBLIC"
      }
    },
    {
      "classFqn": "com.example.shop.web.ProductController",
      "classSimpleName": "ProductController",
      "classSource": "PROJECT",
      "method": {
        "annotations": [
          {
            "parameters": {
              "processors": {
                "items": [
                  {
                    "kind": "CLASS",
                    "value": "org.springframework.aot.hint.annotation.SimpleReflectiveProcessor"
                  }
                ],
                "kind": "ARRAY"
              },
              "value": {
                "items": [
                  {
                    "kind": "CLASS",
                    "value": "org.springframework.web.bind.annotation.ControllerMappingReflectiveProcessor"
                  }
                ],
                "kind": "ARRAY"
              }
            },
            "type": "org.springframework.aot.hint.annotation.Reflective"
          },
          {
            "parameters": {},
            "type": "org.springframework.web.bind.annotation.Mapping"
          },
          {
            "parameters": {
              "consumes": {
                "items": [],
                "kind": "ARRAY"
              },
              "headers": {
                "items": [],
                "kind": "ARRAY"
              },
              "name": {
                "kind": "STRING",
                "value": ""
              },
              "params": {
                "items": [],
                "kind": "ARRAY"
              },
              "path": {
                "items": [],
                "kind": "ARRAY"
              },
              "produces": {
                "items": [],
                "kind": "ARRAY"
              },
              "value": {
                "items": [],
                "kind": "ARRAY"
              }
            },
            "type": "org.springframework.web.bind.annotation.PostMapping"
          },
          {
            "parameters": {
              "consumes": {
                "items": [],
                "kind": "ARRAY"
              },
              "headers": {
                "items": [],
                "kind": "ARRAY"
              },
              "method": {
                "items": [
                  {
                    "enumType": "org.springframework.web.bind.annotation.RequestMethod",
                    "kind": "ENUM",
                    "value": "POST"
                  }
                ],
                "kind": "ARRAY"
              },
              "name": {
                "kind": "STRING",
                "value": ""
              },
              "params": {
                "items": [],
                "kind": "ARRAY"
              },
              "path": {
                "items": [],
                "kind": "ARRAY"
              },
              "produces": {
                "items": [],
                "kind": "ARRAY"
              },
              "value": {
                "items": [],
                "kind": "ARRAY"
              }
            },
            "type": "org.springframework.web.bind.annotation.RequestMapping"
          }
        ],
        "descriptor": "(Lcom/example/shop/dto/ProductDto;)Lcom/example/shop/model/Product;",
        "isAbstract": false,
        "isFinal": false,
        "isStatic": false,
        "isSynthetic": false,
        "name": "create",
        "parameters": [
          {
            "annotations": [
              {
                "parameters": {},
                "type": "jakarta.validation.Valid"
              },
              {
                "parameters": {
                  "required": {
                    "kind": "BOOLEAN",
                    "value": "true"
                  }
                },
                "type": "org.springframework.web.bind.annotation.RequestBody"
              }
            ],
            "name": "arg0",
            "type": "@jakarta.validation.Valid com.example.shop.dto.ProductDto"
          }
        ],
        "returnType": "com.example.shop.model.Product",
        "visibility": "PUBLIC"
      }
    },
    {
      "classFqn": "com.example.shop.web.ProductController",
      "classSimpleName": "ProductController",
      "classSource": "PROJECT",
      "method": {
        "annotations": [
          {
            "parameters": {
              "processors": {
                "items": [
                  {
                    "kind": "CLASS",
                    "value": "org.springframework.aot.hint.annotation.SimpleReflectiveProcessor"
                  }
                ],
                "kind": "ARRAY"
              },
              "value": {
                "items": [
                  {
                    "kind": "CLASS",
                    "value": "org.springframework.web.bind.annotation.ControllerMappingReflectiveProcessor"
                  }
                ],
                "kind": "ARRAY"
              }
            },
            "type": "org.springframework.aot.hint.annotation.Reflective"
          },
          {
            "parameters": {
              "consumes": {
                "items": [],
                "kind": "ARRAY"
              },
              "headers": {
                "items": [],
                "kind": "ARRAY"
              },
              "name": {
                "kind": "STRING",
                "value": ""
              },
              "params": {
                "items": [],
                "kind": "ARRAY"
              },
              "path": {
                "items": [],
                "kind": "ARRAY"
              },
              "produces": {
                "items": [],
                "kind": "ARRAY"
              },
              "value": {
                "items": [
                  {
                    "kind": "STRING",
                    "value": "/{id}"
                  }
                ],
                "kind": "ARRAY"
              }
            },
            "type": "org.springframework.web.bind.annotation.GetMapping"
          },
          {
            "parameters": {},
            "type": "org.springframework.web.bind.annotation.Mapping"
          },
          {
            "parameters": {
              "consumes": {
                "items": [],
                "kind": "ARRAY"
              },
              "headers": {
                "items": [],
                "kind": "ARRAY"
              },
              "method": {
                "items": [
                  {
                    "enumType": "org.springframework.web.bind.annotation.RequestMethod",
                    "kind": "ENUM",
                    "value": "GET"
                  }
                ],
                "kind": "ARRAY"
              },
              "name": {
                "kind": "STRING",
                "value": ""
              },
              "params": {
                "items": [],
                "kind": "ARRAY"
              },
              "path": {
                "items": [],
                "kind": "ARRAY"
              },
              "produces": {
                "items": [],
                "kind": "ARRAY"
              },
              "value": {
                "items": [],
                "kind": "ARRAY"
              }
            },
            "type": "org.springframework.web.bind.annotation.RequestMapping"
          }
        ],
        "descriptor": "(Ljava/lang/Long;)Lcom/example/shop/model/Product;",
        "isAbstract": false,
        "isFinal": false,
        "isStatic": false,
        "isSynthetic": false,
        "name": "get",
        "parameters": [
          {
            "annotations": [
              {
                "parameters": {
                  "name": {
                    "kind": "STRING",
                    "value": ""
                  },
                  "required": {
                    "kind": "BOOLEAN",
                    "value": "true"
                  },
                  "value": {
                    "kind": "STRING",
                    "value": ""
                  }
                },
                "type": "org.springframework.web.bind.annotation.PathVariable"
              }
            ],
            "name": "arg0",
            "type": "java.lang.Long"
          }
        ],
        "returnType": "com.example.shop.model.Product",
        "visibility": "PUBLIC"
      }
    },
    {
      "classFqn": "com.example.shop.web.ProductController",
      "classSimpleName": "ProductController",
      "classSource": "PROJECT",
      "method": {
        "annotations": [
          {
            "parameters": {
              "processors": {
                "items": [
                  {
                    "kind": "CLASS",
                    "value": "org.springframework.aot.hint.annotation.SimpleReflectiveProcessor"
                  }
                ],
                "kind": "ARRAY"
              },
              "value": {
                "items": [
                  {
                    "kind": "CLASS",
                    "value": "org.springframework.web.bind.annotation.ControllerMappingReflectiveProcessor"
                  }
                ],
                "kind": "ARRAY"
              }
            },
            "type": "org.springframework.aot.hint.annotation.Reflective"
          },
          {
            "parameters": {
              "value": {
                "kind": "STRING",
                "value": "hasRole('ADMIN')"
              }
            },
            "type": "org.springframework.security.access.prepost.PreAuthorize"
          },
          {
            "parameters": {},
            "type": "org.springframework.web.bind.annotation.Mapping"
          },
          {
            "parameters": {
              "consumes": {
                "items": [],
                "kind": "ARRAY"
              },
              "headers": {
                "items": [],
                "kind": "ARRAY"
              },
              "name": {
                "kind": "STRING",
                "value": ""
              },
              "params": {
                "items": [],
                "kind": "ARRAY"
              },
              "path": {
                "items": [],
                "kind": "ARRAY"
              },
              "produces": {
                "items": [],
                "kind": "ARRAY"
              },
              "value": {
                "items": [
                  {
                    "kind": "STRING",
                    "value": "/import"
                  }
                ],
                "kind": "ARRAY"
              }
            },
            "type": "org.springframework.web.bind.annotation.PostMapping"
          },
          {
            "parameters": {
              "consumes": {
                "items": [],
                "kind": "ARRAY"
              },
              "headers": {
                "items": [],
                "kind": "ARRAY"
              },
              "method": {
                "items": [
                  {
                    "enumType": "org.springframework.web.bind.annotation.RequestMethod",
                    "kind": "ENUM",
                    "value": "POST"
                  }
                ],
                "kind": "ARRAY"
              },
              "name": {
                "kind": "STRING",
                "value": ""
              },
              "params": {
                "items": [],
                "kind": "ARRAY"
              },
              "path": {
                "items": [],
                "kind": "ARRAY"
              },
              "produces": {
                "items": [],
                "kind": "ARRAY"
              },
              "value": {
                "items": [],
                "kind": "ARRAY"
              }
            },
            "type": "org.springframework.web.bind.annotation.RequestMapping"
          }
        ],
        "descriptor": "(Lcom/example/shop/dto/ProductDto;)Lcom/example/shop/model/Product;",
        "isAbstract": false,
        "isFinal": false,
        "isStatic": false,
        "isSynthetic": false,
        "name": "importProduct",
        "parameters": [
          {
            "annotations": [
              {
                "parameters": {},
                "type": "jakarta.validation.Valid"
              },
              {
                "parameters": {
                  "required": {
                    "kind": "BOOLEAN",
                    "value": "true"
                  }
                },
                "type": "org.springframework.web.bind.annotation.RequestBody"
              }
            ],
            "name": "arg0",
            "type": "@jakarta.validation.Valid com.example.shop.dto.ProductDto"
          }
        ],
        "returnType": "com.example.shop.model.Product",
        "visibility": "PUBLIC"
      }
    },
    {
      "classFqn": "com.example.shop.web.ProductController",
      "classSimpleName": "ProductController",
      "classSource": "PROJECT",
      "method": {
        "annotations": [
          {
            "parameters": {
              "processors": {
                "items": [
                  {
                    "kind": "CLASS",
                    "value": "org.springframework.aot.hint.annotation.SimpleReflectiveProcessor"
                  }
                ],
                "kind": "ARRAY"
              },
              "value": {
                "items": [
                  {
                    "kind": "CLASS",
                    "value": "org.springframework.web.bind.annotation.ControllerMappingReflectiveProcessor"
                  }
                ],
                "kind": "ARRAY"
              }
            },
            "type": "org.springframework.aot.hint.annotation.Reflective"
          },
          {
            "parameters": {
              "consumes": {
                "items": [],
                "kind": "ARRAY"
              },
              "headers": {
                "items": [],
                "kind": "ARRAY"
              },
              "name": {
                "kind": "STRING",
                "value": ""
              },
              "params": {
                "items": [],
                "kind": "ARRAY"
              },
              "path": {
                "items": [],
                "kind": "ARRAY"
              },
              "produces": {
                "items": [],
                "kind": "ARRAY"
              },
              "value": {
                "items": [],
                "kind": "ARRAY"
              }
            },
            "type": "org.springframework.web.bind.annotation.GetMapping"
          },
          {
            "parameters": {},
            "type": "org.springframework.web.bind.annotation.Mapping"
          },
          {
            "parameters": {
              "consumes": {
                "items": [],
                "kind": "ARRAY"
              },
              "headers": {
                "items": [],
                "kind": "ARRAY"
              },
              "method": {
                "items": [
                  {
                    "enumType": "org.springframework.web.bind.annotation.RequestMethod",
                    "kind": "ENUM",
                    "value": "GET"
                  }
                ],
                "kind": "ARRAY"
              },
              "name": {
                "kind": "STRING",
                "value": ""
              },
              "params": {
                "items": [],
                "kind": "ARRAY"
              },
              "path": {
                "items": [],
                "kind": "ARRAY"
              },
              "produces": {
                "items": [],
                "kind": "ARRAY"
              },
              "value": {
                "items": [],
                "kind": "ARRAY"
              }
            },
            "type": "org.springframework.web.bind.annotation.RequestMapping"
          }
        ],
        "descriptor": "()Ljava/util/List;",
        "isAbstract": false,
        "isFinal": false,
        "isStatic": false,
        "isSynthetic": false,
        "name": "list",
        "parameters": [],
        "returnType": "java.util.List\u003ccom.example.shop.model.Product\u003e",
        "visibility": "PUBLIC"
      }
    },
    {
      "classFqn": "com.example.shop.web.ReactiveController",
      "classSimpleName": "ReactiveController",
      "classSource": "PROJECT",
      "method": {
        "annotations": [
          {
            "parameters": {
              "processors": {
                "items": [
                  {
                    "kind": "CLASS",
                    "value": "org.springframework.aot.hint.annotation.SimpleReflectiveProcessor"
                  }
                ],
                "kind": "ARRAY"
              },
              "value": {
                "items": [
                  {
                    "kind": "CLASS",
                    "value": "org.springframework.web.bind.annotation.ControllerMappingReflectiveProcessor"
                  }
                ],
                "kind": "ARRAY"
              }
            },
            "type": "org.springframework.aot.hint.annotation.Reflective"
          },
          {
            "parameters": {
              "consumes": {
                "items": [],
                "kind": "ARRAY"
              },
              "headers": {
                "items": [],
                "kind": "ARRAY"
              },
              "name": {
                "kind": "STRING",
                "value": ""
              },
              "params": {
                "items": [],
                "kind": "ARRAY"
              },
              "path": {
                "items": [],
                "kind": "ARRAY"
              },
              "produces": {
                "items": [],
                "kind": "ARRAY"
              },
              "value": {
                "items": [
                  {
                    "kind": "STRING",
                    "value": "/{id}/blocking"
                  }
                ],
                "kind": "ARRAY"
              }
            },
            "type": "org.springframework.web.bind.annotation.GetMapping"
          },
          {
            "parameters": {},
            "type": "org.springframework.web.bind.annotation.Mapping"
          },
          {
            "parameters": {
              "consumes": {
                "items": [],
                "kind": "ARRAY"
              },
              "headers": {
                "items": [],
                "kind": "ARRAY"
              },
              "method": {
                "items": [
                  {
                    "enumType": "org.springframework.web.bind.annotation.RequestMethod",
                    "kind": "ENUM",
                    "value": "GET"
                  }
                ],
                "kind": "ARRAY"
              },
              "name": {
                "kind": "STRING",
                "value": ""
              },
              "params": {
                "items": [],
                "kind": "ARRAY"
              },
              "path": {
                "items": [],
                "kind": "ARRAY"
              },
              "produces": {
                "items": [],
                "kind": "ARRAY"
              },
              "value": {
                "items": [],
                "kind": "ARRAY"
              }
            },
            "type": "org.springframework.web.bind.annotation.RequestMapping"
          }
        ],
        "descriptor": "(Ljava/lang/Long;)Lreactor/core/publisher/Mono;",
        "isAbstract": false,
        "isFinal": false,
        "isStatic": false,
        "isSynthetic": false,
        "name": "blocking",
        "parameters": [
          {
            "annotations": [
              {
                "parameters": {
                  "name": {
                    "kind": "STRING",
                    "value": ""
                  },
                  "required": {
                    "kind": "BOOLEAN",
                    "value": "true"
                  },
                  "value": {
                    "kind": "STRING",
                    "value": ""
                  }
                },
                "type": "org.springframework.web.bind.annotation.PathVariable"
              }
            ],
            "name": "arg0",
            "type": "java.lang.Long"
          }
        ],
        "returnType": "reactor.core.publisher.Mono\u003ccom.example.shop.model.Product\u003e",
        "visibility": "PUBLIC"
      }
    },
    {
      "classFqn": "com.example.shop.web.ReactiveController",
      "classSimpleName": "ReactiveController",
      "classSource": "PROJECT",
      "method": {
        "annotations": [
          {
            "parameters": {
              "processors": {
                "items": [
                  {
                    "kind": "CLASS",
                    "value": "org.springframework.aot.hint.annotation.SimpleReflectiveProcessor"
                  }
                ],
                "kind": "ARRAY"
              },
              "value": {
                "items": [
                  {
                    "kind": "CLASS",
                    "value": "org.springframework.web.bind.annotation.ControllerMappingReflectiveProcessor"
                  }
                ],
                "kind": "ARRAY"
              }
            },
            "type": "org.springframework.aot.hint.annotation.Reflective"
          },
          {
            "parameters": {
              "consumes": {
                "items": [],
                "kind": "ARRAY"
              },
              "headers": {
                "items": [],
                "kind": "ARRAY"
              },
              "name": {
                "kind": "STRING",
                "value": ""
              },
              "params": {
                "items": [],
                "kind": "ARRAY"
              },
              "path": {
                "items": [],
                "kind": "ARRAY"
              },
              "produces": {
                "items": [],
                "kind": "ARRAY"
              },
              "value": {
                "items": [
                  {
                    "kind": "STRING",
                    "value": "/{id}"
                  }
                ],
                "kind": "ARRAY"
              }
            },
            "type": "org.springframework.web.bind.annotation.GetMapping"
          },
          {
            "parameters": {},
            "type": "org.springframework.web.bind.annotation.Mapping"
          },
          {
            "parameters": {
              "consumes": {
                "items": [],
                "kind": "ARRAY"
              },
              "headers": {
                "items": [],
                "kind": "ARRAY"
              },
              "method": {
                "items": [
                  {
                    "enumType": "org.springframework.web.bind.annotation.RequestMethod",
                    "kind": "ENUM",
                    "value": "GET"
                  }
                ],
                "kind": "ARRAY"
              },
              "name": {
                "kind": "STRING",
                "value": ""
              },
              "params": {
                "items": [],
                "kind": "ARRAY"
              },
              "path": {
                "items": [],
                "kind": "ARRAY"
              },
              "produces": {
                "items": [],
                "kind": "ARRAY"
              },
              "value": {
                "items": [],
                "kind": "ARRAY"
              }
            },
            "type": "org.springframework.web.bind.annotation.RequestMapping"
          }
        ],
        "descriptor": "(Ljava/lang/Long;)Lreactor/core/publisher/Mono;",
        "isAbstract": false,
        "isFinal": false,
        "isStatic": false,
        "isSynthetic": false,
        "name": "one",
        "parameters": [
          {
            "annotations": [
              {
                "parameters": {
                  "name": {
                    "kind": "STRING",
                    "value": ""
                  },
                  "required": {
                    "kind": "BOOLEAN",
                    "value": "true"
                  },
                  "value": {
                    "kind": "STRING",
                    "value": ""
                  }
                },
                "type": "org.springframework.web.bind.annotation.PathVariable"
              }
            ],
            "name": "arg0",
            "type": "java.lang.Long"
          }
        ],
        "returnType": "reactor.core.publisher.Mono\u003ccom.example.shop.model.Product\u003e",
        "visibility": "PUBLIC"
      }
    },
    {
      "classFqn": "com.example.shop.web.ReactiveController",
      "classSimpleName": "ReactiveController",
      "classSource": "PROJECT",
      "method": {
        "annotations": [
          {
            "parameters": {
              "processors": {
                "items": [
                  {
                    "kind": "CLASS",
                    "value": "org.springframework.aot.hint.annotation.SimpleReflectiveProcessor"
                  }
                ],
                "kind": "ARRAY"
              },
              "value": {
                "items": [
                  {
                    "kind": "CLASS",
                    "value": "org.springframework.web.bind.annotation.ControllerMappingReflectiveProcessor"
                  }
                ],
                "kind": "ARRAY"
              }
            },
            "type": "org.springframework.aot.hint.annotation.Reflective"
          },
          {
            "parameters": {
              "consumes": {
                "items": [],
                "kind": "ARRAY"
              },
              "headers": {
                "items": [],
                "kind": "ARRAY"
              },
              "name": {
                "kind": "STRING",
                "value": ""
              },
              "params": {
                "items": [],
                "kind": "ARRAY"
              },
              "path": {
                "items": [],
                "kind": "ARRAY"
              },
              "produces": {
                "items": [],
                "kind": "ARRAY"
              },
              "value": {
                "items": [
                  {
                    "kind": "STRING",
                    "value": "/{id}/stock"
                  }
                ],
                "kind": "ARRAY"
              }
            },
            "type": "org.springframework.web.bind.annotation.GetMapping"
          },
          {
            "parameters": {},
            "type": "org.springframework.web.bind.annotation.Mapping"
          },
          {
            "parameters": {
              "consumes": {
                "items": [],
                "kind": "ARRAY"
              },
              "headers": {
                "items": [],
                "kind": "ARRAY"
              },
              "method": {
                "items": [
                  {
                    "enumType": "org.springframework.web.bind.annotation.RequestMethod",
                    "kind": "ENUM",
                    "value": "GET"
                  }
                ],
                "kind": "ARRAY"
              },
              "name": {
                "kind": "STRING",
                "value": ""
              },
              "params": {
                "items": [],
                "kind": "ARRAY"
              },
              "path": {
                "items": [],
                "kind": "ARRAY"
              },
              "produces": {
                "items": [],
                "kind": "ARRAY"
              },
              "value": {
                "items": [],
                "kind": "ARRAY"
              }
            },
            "type": "org.springframework.web.bind.annotation.RequestMapping"
          }
        ],
        "descriptor": "(Ljava/lang/Long;)Lreactor/core/publisher/Mono;",
        "isAbstract": false,
        "isFinal": false,
        "isStatic": false,
        "isSynthetic": false,
        "name": "stock",
        "parameters": [
          {
            "annotations": [
              {
                "parameters": {
                  "name": {
                    "kind": "STRING",
                    "value": ""
                  },
                  "required": {
                    "kind": "BOOLEAN",
                    "value": "true"
                  },
                  "value": {
                    "kind": "STRING",
                    "value": ""
                  }
                },
                "type": "org.springframework.web.bind.annotation.PathVariable"
              }
            ],
            "name": "arg0",
            "type": "java.lang.Long"
          }
        ],
        "returnType": "reactor.core.publisher.Mono\u003cjava.lang.Integer\u003e",
        "visibility": "PUBLIC"
      }
    },
    {
      "classFqn": "com.example.shop.web.ReactiveController",
      "classSimpleName": "ReactiveController",
      "classSource": "PROJECT",
      "method": {
        "annotations": [
          {
            "parameters": {
              "processors": {
                "items": [
                  {
                    "kind": "CLASS",
                    "value": "org.springframework.aot.hint.annotation.SimpleReflectiveProcessor"
                  }
                ],
                "kind": "ARRAY"
              },
              "value": {
                "items": [
                  {
                    "kind": "CLASS",
                    "value": "org.springframework.web.bind.annotation.ControllerMappingReflectiveProcessor"
                  }
                ],
                "kind": "ARRAY"
              }
            },
            "type": "org.springframework.aot.hint.annotation.Reflective"
          },
          {
            "parameters": {
              "consumes": {
                "items": [],
                "kind": "ARRAY"
              },
              "headers": {
                "items": [],
                "kind": "ARRAY"
              },
              "name": {
                "kind": "STRING",
                "value": ""
              },
              "params": {
                "items": [],
                "kind": "ARRAY"
              },
              "path": {
                "items": [],
                "kind": "ARRAY"
              },
              "produces": {
                "items": [],
                "kind": "ARRAY"
              },
              "value": {
                "items": [],
                "kind": "ARRAY"
              }
            },
            "type": "org.springframework.web.bind.annotation.GetMapping"
          },
          {
            "parameters": {},
            "type": "org.springframework.web.bind.annotation.Mapping"
          },
          {
            "parameters": {
              "consumes": {
                "items": [],
                "kind": "ARRAY"
              },
              "headers": {
                "items": [],
                "kind": "ARRAY"
              },
              "method": {
                "items": [
                  {
                    "enumType": "org.springframework.web.bind.annotation.RequestMethod",
                    "kind": "ENUM",
                    "value": "GET"
                  }
                ],
                "kind": "ARRAY"
              },
              "name": {
                "kind": "STRING",
                "value": ""
              },
              "params": {
                "items": [],
                "kind": "ARRAY"
              },
              "path": {
                "items": [],
                "kind": "ARRAY"
              },
              "produces": {
                "items": [],
                "kind": "ARRAY"
              },
              "value": {
                "items": [],
                "kind": "ARRAY"
              }
            },
            "type": "org.springframework.web.bind.annotation.RequestMapping"
          }
        ],
        "descriptor": "()Lreactor/core/publisher/Flux;",
        "isAbstract": false,
        "isFinal": false,
        "isStatic": false,
        "isSynthetic": false,
        "name": "stream",
        "parameters": [],
        "returnType": "reactor.core.publisher.Flux\u003ccom.example.shop.model.Product\u003e",
        "visibility": "PUBLIC"
      }
    }
  ],
  "page": 0,
  "pageSize": 50,
  "totalCount": 12,
  "totalPages": 1
}
