{
  "annotationFqn": "jakarta.inject.Singleton",
  "appliedFilter": {
    "includeLibraries": false,
    "scope": "ALL"
  },
  "countsByTarget": {
    "CLASS": 5
  },
  "page": 0,
  "pageSize": 50,
  "totalCount": 5,
  "totalPages": 1,
  "usages": [
    {
      "annotation": {
        "parameters": {},
        "type": "jakarta.inject.Singleton"
      },
      "classFqn": "us.charliek.flyway.FlywayR2dbcMigrator",
      "classSimpleName": "FlywayR2dbcMigrator",
      "packageName": "us.charliek.flyway",
      "source": "PROJECT",
      "target": "CLASS"
    },
    {
      "annotation": {
        "parameters": {},
        "type": "jakarta.inject.Singleton"
      },
      "classFqn": "us.charliek.flyway.configuration.FlywayR2dbcConfigurationProperties",
      "classSimpleName": "FlywayR2dbcConfigurationProperties",
      "packageName": "us.charliek.flyway.configuration",
      "source": "PROJECT",
      "target": "CLASS"
    },
    {
      "annotation": {
        "parameters": {},
        "type": "jakarta.inject.Singleton"
      },
      "classFqn": "us.charliek.flyway.configuration.FlywayR2dbcConnectionResolver",
      "classSimpleName": "FlywayR2dbcConnectionResolver",
      "packageName": "us.charliek.flyway.configuration",
      "source": "PROJECT",
      "target": "CLASS"
    },
    {
      "annotation": {
        "parameters": {},
        "type": "jakarta.inject.Singleton"
      },
      "classFqn": "us.charliek.flyway.converter.ConverterRegistry",
      "classSimpleName": "ConverterRegistry",
      "packageName": "us.charliek.flyway.converter",
      "source": "PROJECT",
      "target": "CLASS"
    },
    {
      "annotation": {
        "parameters": {},
        "type": "jakarta.inject.Singleton"
      },
      "classFqn": "us.charliek.flyway.converter.PostgresqlConverter",
      "classSimpleName": "PostgresqlConverter",
      "packageName": "us.charliek.flyway.converter",
      "source": "PROJECT",
      "target": "CLASS"
    }
  ]
}
