{
  "classpathEntryCount": "__BLANK__",
  "classpathResolvedBy": "Gradle Tooling API",
  "jdkClassCount": "__BLANK__",
  "libraryClassCount": "__BLANK__",
  "projectAbstractClassCount": 0,
  "projectAnnotationCount": 0,
  "projectClassCount": 12,
  "projectEnumCount": 0,
  "projectFieldCount": 19,
  "projectInterfaceCount": 1,
  "projectMethodCount": 36,
  "scanDurationMs": "__BLANK__",
  "scannedAt": "__BLANK__"
}
