{
  "appliedFilter": {
    "includeLibraries": false,
    "kind": null,
    "scopeImplementing": null
  },
  "countsByKind": {
    "CALL_RECEIVER": 2
  },
  "countsByPackage": {
    "us.charliek.flyway": 2
  },
  "page": 0,
  "pageSize": 50,
  "references": [
    {
      "detail": "configure",
      "fromFqn": "us.charliek.flyway.FlywayR2dbcMigrator",
      "fromSimpleName": "FlywayR2dbcMigrator",
      "fromSource": "PROJECT",
      "kind": "CALL_RECEIVER",
      "lineNumber": 35,
      "member": "onApplicationEvent"
    },
    {
      "detail": "migrate",
      "fromFqn": "us.charliek.flyway.FlywayR2dbcMigrator",
      "fromSimpleName": "FlywayR2dbcMigrator",
      "fromSource": "PROJECT",
      "kind": "CALL_RECEIVER",
      "lineNumber": 40,
      "member": "onApplicationEvent"
    }
  ],
  "totalCount": 2,
  "totalPages": 1,
  "typeFqn": "org.flywaydb.core.Flyway"
}
