{
  "annotationFqn": "javax.inject.Inject",
  "appliedFilter": {
    "includeLibraries": false,
    "scope": "ALL"
  },
  "countsByTarget": {
    "CONSTRUCTOR": 4
  },
  "page": 0,
  "pageSize": 50,
  "totalCount": 4,
  "totalPages": 1,
  "usages": [
    {
      "annotation": {
        "parameters": {},
        "type": "javax.inject.Inject"
      },
      "classFqn": "sample.api.UsersApi",
      "classSimpleName": "UsersApi",
      "descriptor": "(sample.handlers.SimpleHandler, sample.handlers.BlockingHandler)",
      "method": "\u003cinit\u003e",
      "packageName": "sample.api",
      "source": "PROJECT",
      "target": "CONSTRUCTOR"
    },
    {
      "annotation": {
        "parameters": {},
        "type": "javax.inject.Inject"
      },
      "classFqn": "sample.handlers.AsyncHandler",
      "classSimpleName": "AsyncHandler",
      "descriptor": "(sample.handlers.UserService, sample.handlers.NotificationService)",
      "method": "\u003cinit\u003e",
      "packageName": "sample.handlers",
      "source": "PROJECT",
      "target": "CONSTRUCTOR"
    },
    {
      "annotation": {
        "parameters": {},
        "type": "javax.inject.Inject"
      },
      "classFqn": "sample.handlers.BadHandler",
      "classSimpleName": "BadHandler",
      "descriptor": "(java.sql.Connection)",
      "method": "\u003cinit\u003e",
      "packageName": "sample.handlers",
      "source": "PROJECT",
      "target": "CONSTRUCTOR"
    },
    {
      "annotation": {
        "parameters": {},
        "type": "javax.inject.Inject"
      },
      "classFqn": "sample.handlers.BlockingHandler",
      "classSimpleName": "BlockingHandler",
      "descriptor": "(sample.handlers.UserService)",
      "method": "\u003cinit\u003e",
      "packageName": "sample.handlers",
      "source": "PROJECT",
      "target": "CONSTRUCTOR"
    }
  ]
}
