{
  "fqn": "sample.handlers.BlockingHandler",
  "methods": [
    {
      "calls": [
        {
          "constantArgs": [],
          "descriptor": "()Lratpack/path/PathTokens;",
          "isInterface": true,
          "lineNumber": 27,
          "methodName": "getPathTokens",
          "ownerType": "ratpack.handling.Context"
        },
        {
          "constantArgs": [
            {
              "kind": "STRING",
              "value": "id"
            }
          ],
          "descriptor": "(Ljava/lang/Object;)Ljava/lang/Object;",
          "isInterface": true,
          "lineNumber": 27,
          "methodName": "get",
          "ownerType": "ratpack.path.PathTokens"
        },
        {
          "constantArgs": [],
          "descriptor": "(Lsample/handlers/BlockingHandler;Ljava/lang/String;)Lratpack/func/Factory;",
          "implMethodName": "lambda$handle$0",
          "implMethodOwner": "sample.handlers.BlockingHandler",
          "invokeDynamic": true,
          "isInterface": false,
          "lineNumber": 29,
          "methodName": "create",
          "ownerType": "ratpack.func.Factory"
        },
        {
          "constantArgs": [],
          "descriptor": "(Lratpack/func/Factory;)Lratpack/exec/Promise;",
          "isInterface": false,
          "lineNumber": 29,
          "methodName": "get",
          "ownerType": "ratpack.exec.Blocking"
        },
        {
          "constantArgs": [],
          "descriptor": "()Lratpack/func/Function;",
          "implMethodName": "lambda$handle$1",
          "implMethodOwner": "sample.handlers.BlockingHandler",
          "invokeDynamic": true,
          "isInterface": false,
          "lineNumber": 29,
          "methodName": "apply",
          "ownerType": "ratpack.func.Function"
        },
        {
          "constantArgs": [],
          "descriptor": "(Lratpack/func/Function;)Lratpack/exec/Promise;",
          "isInterface": true,
          "lineNumber": 30,
          "methodName": "map",
          "ownerType": "ratpack.exec.Promise"
        },
        {
          "constantArgs": [],
          "descriptor": "(Lratpack/handling/Context;)Lratpack/func/Action;",
          "implMethodName": "lambda$handle$2",
          "implMethodOwner": "sample.handlers.BlockingHandler",
          "invokeDynamic": true,
          "isInterface": false,
          "lineNumber": 30,
          "methodName": "execute",
          "ownerType": "ratpack.func.Action"
        },
        {
          "constantArgs": [],
          "descriptor": "(Lratpack/func/Action;)V",
          "isInterface": true,
          "lineNumber": 31,
          "methodName": "then",
          "ownerType": "ratpack.exec.Promise"
        }
      ],
      "descriptor": "(Lratpack/handling/Context;)V",
      "methodName": "handle"
    }
  ],
  "totalCalls": 8
}
