{
  "appliedFilter": {
    "extendsClass": null,
    "hasAnnotation": null,
    "implementsInterface": null,
    "namePattern": null,
    "packagePattern": "javax.inject",
    "source": null
  },
  "classes": [
    {
      "fieldCount": 0,
      "fqn": "javax.inject.Inject",
      "isAbstract": true,
      "isAnnotation": true,
      "isEnum": false,
      "isInterface": false,
      "methodCount": 0,
      "packageName": "javax.inject",
      "simpleName": "Inject",
      "source": "JDK"
    },
    {
      "fieldCount": 0,
      "fqn": "javax.inject.Named",
      "isAbstract": true,
      "isAnnotation": true,
      "isEnum": false,
      "isInterface": false,
      "methodCount": 1,
      "packageName": "javax.inject",
      "simpleName": "Named",
      "source": "JDK"
    },
    {
      "fieldCount": 0,
      "fqn": "javax.inject.Provider",
      "isAbstract": true,
      "isAnnotation": false,
      "isEnum": false,
      "isInterface": true,
      "methodCount": 1,
      "packageName": "javax.inject",
      "simpleName": "Provider",
      "source": "JDK"
    },
    {
      "fieldCount": 0,
      "fqn": "javax.inject.Qualifier",
      "isAbstract": true,
      "isAnnotation": true,
      "isEnum": false,
      "isInterface": false,
      "methodCount": 0,
      "packageName": "javax.inject",
      "simpleName": "Qualifier",
      "source": "JDK"
    },
    {
      "fieldCount": 0,
      "fqn": "javax.inject.Scope",
      "isAbstract": true,
      "isAnnotation": true,
      "isEnum": false,
      "isInterface": false,
      "methodCount": 0,
      "packageName": "javax.inject",
      "simpleName": "Scope",
      "source": "JDK"
    },
    {
      "fieldCount": 0,
      "fqn": "javax.inject.Singleton",
      "isAbstract": true,
      "isAnnotation": true,
      "isEnum": false,
      "isInterface": false,
      "methodCount": 0,
      "packageName": "javax.inject",
      "simpleName": "Singleton",
      "source": "JDK"
    }
  ],
  "page": 0,
  "pageSize": 50,
  "totalCount": 6,
  "totalPages": 1
}
