{
  "classpathEntryCount": 89,
  "classpathResolvedBy": "Gradle Tooling API",
  "jdkClassCount": 83,
  "libraryClassCount": 17388,
  "projectAbstractClassCount": 0,
  "projectAnnotationCount": 0,
  "projectClassCount": 13,
  "projectEnumCount": 0,
  "projectFieldCount": 8,
  "projectInterfaceCount": 2,
  "projectMethodCount": 42,
  "scanDurationMs": "__BLANK__",
  "scannedAt": "__BLANK__"
}
