{
  "directImplementations": [
    {
      "fieldCount": 0,
      "fqn": "sample.modules.AppModule",
      "isAbstract": false,
      "isAnnotation": false,
      "isEnum": false,
      "isInterface": false,
      "methodCount": 4,
      "packageName": "sample.modules",
      "simpleName": "AppModule",
      "source": "PROJECT"
    }
  ],
  "indirectImplementations": [],
  "targetClass": "com.google.inject.AbstractModule",
  "totalCount": 1
}
