{
  "appliedFilter": {
    "extendsClass": null,
    "hasAnnotation": null,
    "implementsInterface": null,
    "namePattern": "*Handler",
    "packagePattern": "ratpack.*",
    "source": null
  },
  "classes": [
    {
      "fieldCount": 1,
      "fqn": "ratpack.error.ClientErrorHandler",
      "isAbstract": true,
      "isAnnotation": false,
      "isEnum": false,
      "isInterface": true,
      "methodCount": 1,
      "packageName": "ratpack.error",
      "simpleName": "ClientErrorHandler",
      "source": "LIBRARY"
    },
    {
      "fieldCount": 1,
      "fqn": "ratpack.error.ServerErrorHandler",
      "isAbstract": true,
      "isAnnotation": false,
      "isEnum": false,
      "isInterface": true,
      "methodCount": 2,
      "packageName": "ratpack.error",
      "simpleName": "ServerErrorHandler",
      "source": "LIBRARY"
    },
    {
      "fieldCount": 1,
      "fqn": "ratpack.error.internal.DefaultDevelopmentErrorHandler",
      "isAbstract": false,
      "isAnnotation": false,
      "isEnum": false,
      "isInterface": false,
      "methodCount": 8,
      "packageName": "ratpack.error.internal",
      "simpleName": "DefaultDevelopmentErrorHandler",
      "source": "LIBRARY"
    },
    {
      "fieldCount": 1,
      "fqn": "ratpack.error.internal.DefaultProductionErrorHandler",
      "isAbstract": false,
      "isAnnotation": false,
      "isEnum": false,
      "isInterface": false,
      "methodCount": 3,
      "packageName": "ratpack.error.internal",
      "simpleName": "DefaultProductionErrorHandler",
      "source": "LIBRARY"
    },
    {
      "fieldCount": 0,
      "fqn": "ratpack.error.internal.ErrorHandler",
      "isAbstract": true,
      "isAnnotation": false,
      "isEnum": false,
      "isInterface": true,
      "methodCount": 0,
      "packageName": "ratpack.error.internal",
      "simpleName": "ErrorHandler",
      "source": "LIBRARY"
    },
    {
      "fieldCount": 2,
      "fqn": "ratpack.file.internal.FileHandler",
      "isAbstract": false,
      "isAnnotation": false,
      "isEnum": false,
      "isInterface": false,
      "methodCount": 8,
      "packageName": "ratpack.file.internal",
      "simpleName": "FileHandler",
      "source": "LIBRARY"
    },
    {
      "fieldCount": 3,
      "fqn": "ratpack.file.internal.FileSystemBindingHandler",
      "isAbstract": false,
      "isAnnotation": false,
      "isEnum": false,
      "isInterface": false,
      "methodCount": 2,
      "packageName": "ratpack.file.internal",
      "simpleName": "FileSystemBindingHandler",
      "source": "LIBRARY"
    },
    {
      "fieldCount": 0,
      "fqn": "ratpack.groovy.handling.GroovyHandler",
      "isAbstract": true,
      "isAnnotation": false,
      "isEnum": false,
      "isInterface": false,
      "methodCount": 2,
      "packageName": "ratpack.groovy.handling",
      "simpleName": "GroovyHandler",
      "source": "LIBRARY"
    },
    {
      "fieldCount": 1,
      "fqn": "ratpack.groovy.handling.internal.ClosureBackedHandler",
      "isAbstract": false,
      "isAnnotation": false,
      "isEnum": false,
      "isInterface": false,
      "methodCount": 2,
      "packageName": "ratpack.groovy.handling.internal",
      "simpleName": "ClosureBackedHandler",
      "source": "LIBRARY"
    },
    {
      "fieldCount": 2,
      "fqn": "ratpack.groovy.internal.ScriptBackedHandler",
      "isAbstract": false,
      "isAnnotation": false,
      "isEnum": false,
      "isInterface": false,
      "methodCount": 2,
      "packageName": "ratpack.groovy.internal",
      "simpleName": "ScriptBackedHandler",
      "source": "LIBRARY"
    },
    {
      "fieldCount": 0,
      "fqn": "ratpack.handling.Handler",
      "isAbstract": true,
      "isAnnotation": false,
      "isEnum": false,
      "isInterface": true,
      "methodCount": 1,
      "packageName": "ratpack.handling",
      "simpleName": "Handler",
      "source": "LIBRARY"
    },
    {
      "fieldCount": 2,
      "fqn": "ratpack.handling.InjectionHandler",
      "isAbstract": true,
      "isAnnotation": false,
      "isEnum": false,
      "isInterface": false,
      "methodCount": 1,
      "packageName": "ratpack.handling",
      "simpleName": "InjectionHandler",
      "source": "LIBRARY"
    },
    {
      "fieldCount": 1,
      "fqn": "ratpack.handling.internal.AcceptsHandler",
      "isAbstract": false,
      "isAnnotation": false,
      "isEnum": false,
      "isInterface": false,
      "methodCount": 1,
      "packageName": "ratpack.handling.internal",
      "simpleName": "AcceptsHandler",
      "source": "LIBRARY"
    },
    {
      "fieldCount": 1,
      "fqn": "ratpack.handling.internal.ChainHandler",
      "isAbstract": false,
      "isAnnotation": false,
      "isEnum": false,
      "isInterface": false,
      "methodCount": 3,
      "packageName": "ratpack.handling.internal",
      "simpleName": "ChainHandler",
      "source": "LIBRARY"
    },
    {
      "fieldCount": 2,
      "fqn": "ratpack.handling.internal.ClientErrorForwardingHandler",
      "isAbstract": false,
      "isAnnotation": false,
      "isEnum": false,
      "isInterface": false,
      "methodCount": 1,
      "packageName": "ratpack.handling.internal",
      "simpleName": "ClientErrorForwardingHandler",
      "source": "LIBRARY"
    },
    {
      "fieldCount": 5,
      "fqn": "ratpack.handling.internal.ContentNegotiationHandler",
      "isAbstract": false,
      "isAnnotation": false,
      "isEnum": false,
      "isInterface": false,
      "methodCount": 1,
      "packageName": "ratpack.handling.internal",
      "simpleName": "ContentNegotiationHandler",
      "source": "LIBRARY"
    },
    {
      "fieldCount": 1,
      "fqn": "ratpack.handling.internal.ContentTypeHandler",
      "isAbstract": false,
      "isAnnotation": false,
      "isEnum": false,
      "isInterface": false,
      "methodCount": 1,
      "packageName": "ratpack.handling.internal",
      "simpleName": "ContentTypeHandler",
      "source": "LIBRARY"
    },
    {
      "fieldCount": 0,
      "fqn": "ratpack.handling.internal.DescribingHandler",
      "isAbstract": true,
      "isAnnotation": false,
      "isEnum": false,
      "isInterface": true,
      "methodCount": 1,
      "packageName": "ratpack.handling.internal",
      "simpleName": "DescribingHandler",
      "source": "LIBRARY"
    },
    {
      "fieldCount": 2,
      "fqn": "ratpack.handling.internal.FactoryHandler",
      "isAbstract": false,
      "isAnnotation": false,
      "isEnum": false,
      "isInterface": false,
      "methodCount": 2,
      "packageName": "ratpack.handling.internal",
      "simpleName": "FactoryHandler",
      "source": "LIBRARY"
    },
    {
      "fieldCount": 7,
      "fqn": "ratpack.handling.internal.MethodHandler",
      "isAbstract": false,
      "isAnnotation": false,
      "isEnum": false,
      "isInterface": false,
      "methodCount": 1,
      "packageName": "ratpack.handling.internal",
      "simpleName": "MethodHandler",
      "source": "LIBRARY"
    },
    {
      "fieldCount": 3,
      "fqn": "ratpack.handling.internal.MultiMethodHandler",
      "isAbstract": false,
      "isAnnotation": false,
      "isEnum": false,
      "isInterface": false,
      "methodCount": 1,
      "packageName": "ratpack.handling.internal",
      "simpleName": "MultiMethodHandler",
      "source": "LIBRARY"
    },
    {
      "fieldCount": 1,
      "fqn": "ratpack.handling.internal.NextHandler",
      "isAbstract": false,
      "isAnnotation": false,
      "isEnum": false,
      "isInterface": false,
      "methodCount": 1,
      "packageName": "ratpack.handling.internal",
      "simpleName": "NextHandler",
      "source": "LIBRARY"
    },
    {
      "fieldCount": 2,
      "fqn": "ratpack.handling.internal.OnlyIfHandler",
      "isAbstract": false,
      "isAnnotation": false,
      "isEnum": false,
      "isInterface": false,
      "methodCount": 1,
      "packageName": "ratpack.handling.internal",
      "simpleName": "OnlyIfHandler",
      "source": "LIBRARY"
    },
    {
      "fieldCount": 2,
      "fqn": "ratpack.handling.internal.RedirectionHandler",
      "isAbstract": false,
      "isAnnotation": false,
      "isEnum": false,
      "isInterface": false,
      "methodCount": 1,
      "packageName": "ratpack.handling.internal",
      "simpleName": "RedirectionHandler",
      "source": "LIBRARY"
    },
    {
      "fieldCount": 2,
      "fqn": "ratpack.handling.internal.RegistryInsertHandler",
      "isAbstract": false,
      "isAnnotation": false,
      "isEnum": false,
      "isInterface": false,
      "methodCount": 1,
      "packageName": "ratpack.handling.internal",
      "simpleName": "RegistryInsertHandler",
      "source": "LIBRARY"
    },
    {
      "fieldCount": 1,
      "fqn": "ratpack.handling.internal.RegistryNextHandler",
      "isAbstract": false,
      "isAnnotation": false,
      "isEnum": false,
      "isInterface": false,
      "methodCount": 1,
      "packageName": "ratpack.handling.internal",
      "simpleName": "RegistryNextHandler",
      "source": "LIBRARY"
    },
    {
      "fieldCount": 3,
      "fqn": "ratpack.handling.internal.WhenHandler",
      "isAbstract": false,
      "isAnnotation": false,
      "isEnum": false,
      "isInterface": false,
      "methodCount": 1,
      "packageName": "ratpack.handling.internal",
      "simpleName": "WhenHandler",
      "source": "LIBRARY"
    },
    {
      "fieldCount": 4,
      "fqn": "ratpack.health.HealthCheckHandler",
      "isAbstract": false,
      "isAnnotation": false,
      "isEnum": false,
      "isInterface": false,
      "methodCount": 4,
      "packageName": "ratpack.health",
      "simpleName": "HealthCheckHandler",
      "source": "LIBRARY"
    },
    {
      "fieldCount": 6,
      "fqn": "ratpack.http.client.internal.ContentStreamingRequestAction$Handler",
      "isAbstract": false,
      "isAnnotation": false,
      "isEnum": false,
      "isInterface": false,
      "methodCount": 7,
      "packageName": "ratpack.http.client.internal",
      "simpleName": "Handler",
      "source": "LIBRARY"
    },
    {
      "fieldCount": 1,
      "fqn": "ratpack.http.client.internal.IdleTimeoutHandler",
      "isAbstract": false,
      "isAnnotation": false,
      "isEnum": false,
      "isInterface": false,
      "methodCount": 1,
      "packageName": "ratpack.http.client.internal",
      "simpleName": "IdleTimeoutHandler",
      "source": "LIBRARY"
    },
    {
      "fieldCount": 1,
      "fqn": "ratpack.http.client.internal.IdlingConnectionHandler",
      "isAbstract": false,
      "isAnnotation": false,
      "isEnum": false,
      "isInterface": false,
      "methodCount": 2,
      "packageName": "ratpack.http.client.internal",
      "simpleName": "IdlingConnectionHandler",
      "source": "LIBRARY"
    },
    {
      "fieldCount": 0,
      "fqn": "ratpack.http.client.internal.InstrumentedChannelPoolHandler",
      "isAbstract": true,
      "isAnnotation": false,
      "isEnum": false,
      "isInterface": true,
      "methodCount": 0,
      "packageName": "ratpack.http.client.internal",
      "simpleName": "InstrumentedChannelPoolHandler",
      "source": "LIBRARY"
    },
    {
      "fieldCount": 2,
      "fqn": "ratpack.http.client.internal.InstrumentedFixedChannelPoolHandler",
      "isAbstract": false,
      "isAnnotation": false,
      "isEnum": false,
      "isInterface": false,
      "methodCount": 4,
      "packageName": "ratpack.http.client.internal",
      "simpleName": "InstrumentedFixedChannelPoolHandler",
      "source": "LIBRARY"
    },
    {
      "fieldCount": 1,
      "fqn": "ratpack.http.client.internal.InstrumentedSimpleChannelPoolHandler",
      "isAbstract": false,
      "isAnnotation": false,
      "isEnum": false,
      "isInterface": false,
      "methodCount": 4,
      "packageName": "ratpack.http.client.internal",
      "simpleName": "InstrumentedSimpleChannelPoolHandler",
      "source": "LIBRARY"
    },
    {
      "fieldCount": 4,
      "fqn": "ratpack.http.client.internal.NoopFixedChannelPoolHandler",
      "isAbstract": false,
      "isAnnotation": false,
      "isEnum": false,
      "isInterface": false,
      "methodCount": 6,
      "packageName": "ratpack.http.client.internal",
      "simpleName": "NoopFixedChannelPoolHandler",
      "source": "LIBRARY"
    },
    {
      "fieldCount": 2,
      "fqn": "ratpack.http.client.internal.NoopSimpleChannelPoolHandler",
      "isAbstract": false,
      "isAnnotation": false,
      "isEnum": false,
      "isInterface": false,
      "methodCount": 5,
      "packageName": "ratpack.http.client.internal",
      "simpleName": "NoopSimpleChannelPoolHandler",
      "source": "LIBRARY"
    },
    {
      "fieldCount": 5,
      "fqn": "ratpack.path.internal.PathHandler",
      "isAbstract": false,
      "isAnnotation": false,
      "isEnum": false,
      "isInterface": false,
      "methodCount": 2,
      "packageName": "ratpack.path.internal",
      "simpleName": "PathHandler",
      "source": "LIBRARY"
    },
    {
      "fieldCount": 5,
      "fqn": "ratpack.server.internal.DefaultRatpackServer$ReloadHandler",
      "isAbstract": false,
      "isAnnotation": false,
      "isEnum": false,
      "isInterface": false,
      "methodCount": 20,
      "packageName": "ratpack.server.internal",
      "simpleName": "ReloadHandler",
      "source": "LIBRARY"
    },
    {
      "fieldCount": 0,
      "fqn": "ratpack.websocket.AutoCloseWebSocketHandler",
      "isAbstract": true,
      "isAnnotation": false,
      "isEnum": false,
      "isInterface": false,
      "methodCount": 4,
      "packageName": "ratpack.websocket",
      "simpleName": "AutoCloseWebSocketHandler",
      "source": "LIBRARY"
    },
    {
      "fieldCount": 0,
      "fqn": "ratpack.websocket.WebSocketHandler",
      "isAbstract": true,
      "isAnnotation": false,
      "isEnum": false,
      "isInterface": true,
      "methodCount": 3,
      "packageName": "ratpack.websocket",
      "simpleName": "WebSocketHandler",
      "source": "LIBRARY"
    },
    {
      "fieldCount": 3,
      "fqn": "ratpack.websocket.internal.BuiltWebSocketHandler",
      "isAbstract": false,
      "isAnnotation": false,
      "isEnum": false,
      "isInterface": false,
      "methodCount": 3,
      "packageName": "ratpack.websocket.internal",
      "simpleName": "BuiltWebSocketHandler",
      "source": "LIBRARY"
    }
  ],
  "page": 0,
  "pageSize": 50,
  "totalCount": 41,
  "totalPages": 1
}
