digraph dependencies {
  rankdir=LR;
  node [shape=box, style=rounded];

  "sample.AppKt" [label="AppKt"];
  "sample.BadClass" [label="BadClass"];
  "sample.BadFormattingKt" [label="BadFormattingKt"];
  "sample.api.UsersApi" [label="UsersApi"];
  "sample.handlers.AsyncHandler" [label="AsyncHandler"];
  "sample.handlers.BadHandler" [label="BadHandler"];
  "sample.handlers.BlockingHandler" [label="BlockingHandler"];
  "sample.handlers.LoggingBadHandler" [label="LoggingBadHandler"];
  "sample.handlers.NotificationService" [label="NotificationService"];
  "sample.handlers.SimpleHandler" [label="SimpleHandler"];
  "sample.handlers.UserService" [label="UserService"];
  "sample.modules.AppModule" [label="AppModule"];
  "sample.modules.AppModule$1" [label="1"];

  "sample.api.UsersApi" -> "sample.handlers.BlockingHandler" [style=solid];
  "sample.api.UsersApi" -> "sample.handlers.SimpleHandler" [style=solid];
  "sample.handlers.AsyncHandler" -> "sample.handlers.NotificationService" [style=solid];
  "sample.handlers.AsyncHandler" -> "sample.handlers.UserService" [style=solid];
  "sample.handlers.BlockingHandler" -> "sample.handlers.UserService" [style=solid];
  "sample.modules.AppModule" -> "sample.handlers.NotificationService" [style=solid];
  "sample.modules.AppModule" -> "sample.handlers.UserService" [style=solid];
  "sample.modules.AppModule$1" -> "sample.handlers.UserService" [style=dashed];
}


