{
  "count": 4,
  "quickWins": [
    {
      "complexity": "LOW",
      "dependencyCount": 0,
      "fqn": "sample.handlers.BadHandler",
      "simpleName": "BadHandler"
    },
    {
      "complexity": "LOW",
      "dependencyCount": 0,
      "fqn": "sample.handlers.LoggingBadHandler",
      "simpleName": "LoggingBadHandler"
    },
    {
      "complexity": "LOW",
      "dependencyCount": 0,
      "fqn": "sample.handlers.SimpleHandler",
      "simpleName": "SimpleHandler"
    },
    {
      "complexity": "LOW",
      "dependencyCount": 1,
      "fqn": "sample.handlers.BlockingHandler",
      "simpleName": "BlockingHandler"
    }
  ]
}
