{
  "appliedFilters": {
    "handlerType": null,
    "tier": null
  },
  "handlers": [
    {
      "complexityScore": 6,
      "complexityTier": "LOW",
      "fqn": "ratpack.file.internal.FileHandler",
      "handlerType": "HANDLER",
      "hasInjectAnnotation": false,
      "packageName": "ratpack.file.internal",
      "promiseOperationCount": 0,
      "simpleName": "FileHandler",
      "source": "LIBRARY",
      "usesBlocking": false
    },
    {
      "complexityScore": 6,
      "complexityTier": "LOW",
      "fqn": "ratpack.file.internal.FileSystemBindingHandler",
      "handlerType": "HANDLER",
      "hasInjectAnnotation": false,
      "packageName": "ratpack.file.internal",
      "promiseOperationCount": 0,
      "simpleName": "FileSystemBindingHandler",
      "source": "LIBRARY",
      "usesBlocking": false
    },
    {
      "complexityScore": 8,
      "complexityTier": "LOW",
      "fqn": "ratpack.groovy.handling.GroovyChainAction",
      "handlerType": "CHAIN_ACTION",
      "hasInjectAnnotation": false,
      "packageName": "ratpack.groovy.handling",
      "promiseOperationCount": 0,
      "simpleName": "GroovyChainAction",
      "source": "LIBRARY",
      "usesBlocking": false
    },
    {
      "complexityScore": 0,
      "complexityTier": "LOW",
      "fqn": "ratpack.groovy.handling.GroovyHandler",
      "handlerType": "HANDLER",
      "hasInjectAnnotation": false,
      "packageName": "ratpack.groovy.handling",
      "promiseOperationCount": 0,
      "simpleName": "GroovyHandler",
      "source": "LIBRARY",
      "usesBlocking": false
    },
    {
      "complexityScore": 3,
      "complexityTier": "LOW",
      "fqn": "ratpack.groovy.handling.internal.ClosureBackedHandler",
      "handlerType": "HANDLER",
      "hasInjectAnnotation": false,
      "packageName": "ratpack.groovy.handling.internal",
      "promiseOperationCount": 0,
      "simpleName": "ClosureBackedHandler",
      "source": "LIBRARY",
      "usesBlocking": false
    },
    {
      "complexityScore": 6,
      "complexityTier": "LOW",
      "fqn": "ratpack.groovy.internal.ScriptBackedHandler",
      "handlerType": "HANDLER",
      "hasInjectAnnotation": false,
      "packageName": "ratpack.groovy.internal",
      "promiseOperationCount": 0,
      "simpleName": "ScriptBackedHandler",
      "source": "LIBRARY",
      "usesBlocking": false
    },
    {
      "complexityScore": 6,
      "complexityTier": "LOW",
      "fqn": "ratpack.handling.InjectionHandler",
      "handlerType": "HANDLER",
      "hasInjectAnnotation": false,
      "packageName": "ratpack.handling",
      "promiseOperationCount": 0,
      "simpleName": "InjectionHandler",
      "source": "LIBRARY",
      "usesBlocking": false
    },
    {
      "complexityScore": 0,
      "complexityTier": "LOW",
      "fqn": "ratpack.handling.RequestLogger",
      "handlerType": "HANDLER",
      "hasInjectAnnotation": false,
      "packageName": "ratpack.handling",
      "promiseOperationCount": 0,
      "simpleName": "RequestLogger",
      "source": "LIBRARY",
      "usesBlocking": false
    },
    {
      "complexityScore": 0,
      "complexityTier": "LOW",
      "fqn": "ratpack.handling.ResponseTimer",
      "handlerType": "HANDLER",
      "hasInjectAnnotation": false,
      "packageName": "ratpack.handling",
      "promiseOperationCount": 0,
      "simpleName": "ResponseTimer",
      "source": "LIBRARY",
      "usesBlocking": false
    },
    {
      "complexityScore": 3,
      "complexityTier": "LOW",
      "fqn": "ratpack.handling.internal.AcceptsHandler",
      "handlerType": "HANDLER",
      "hasInjectAnnotation": false,
      "packageName": "ratpack.handling.internal",
      "promiseOperationCount": 0,
      "simpleName": "AcceptsHandler",
      "source": "LIBRARY",
      "usesBlocking": false
    },
    {
      "complexityScore": 3,
      "complexityTier": "LOW",
      "fqn": "ratpack.handling.internal.ChainHandler",
      "handlerType": "HANDLER",
      "hasInjectAnnotation": false,
      "packageName": "ratpack.handling.internal",
      "promiseOperationCount": 0,
      "simpleName": "ChainHandler",
      "source": "LIBRARY",
      "usesBlocking": false
    },
    {
      "complexityScore": 3,
      "complexityTier": "LOW",
      "fqn": "ratpack.handling.internal.ClientErrorForwardingHandler",
      "handlerType": "HANDLER",
      "hasInjectAnnotation": false,
      "packageName": "ratpack.handling.internal",
      "promiseOperationCount": 0,
      "simpleName": "ClientErrorForwardingHandler",
      "source": "LIBRARY",
      "usesBlocking": false
    },
    {
      "complexityScore": 15,
      "complexityTier": "LOW",
      "fqn": "ratpack.handling.internal.ContentNegotiationHandler",
      "handlerType": "HANDLER",
      "hasInjectAnnotation": false,
      "packageName": "ratpack.handling.internal",
      "promiseOperationCount": 0,
      "simpleName": "ContentNegotiationHandler",
      "source": "LIBRARY",
      "usesBlocking": false
    },
    {
      "complexityScore": 3,
      "complexityTier": "LOW",
      "fqn": "ratpack.handling.internal.ContentTypeHandler",
      "handlerType": "HANDLER",
      "hasInjectAnnotation": false,
      "packageName": "ratpack.handling.internal",
      "promiseOperationCount": 0,
      "simpleName": "ContentTypeHandler",
      "source": "LIBRARY",
      "usesBlocking": false
    },
    {
      "complexityScore": 0,
      "complexityTier": "LOW",
      "fqn": "ratpack.handling.internal.DescribingHandler",
      "handlerType": "HANDLER",
      "hasInjectAnnotation": false,
      "packageName": "ratpack.handling.internal",
      "promiseOperationCount": 0,
      "simpleName": "DescribingHandler",
      "source": "LIBRARY",
      "usesBlocking": false
    },
    {
      "complexityScore": 3,
      "complexityTier": "LOW",
      "fqn": "ratpack.handling.internal.FactoryHandler",
      "handlerType": "HANDLER",
      "hasInjectAnnotation": false,
      "packageName": "ratpack.handling.internal",
      "promiseOperationCount": 0,
      "simpleName": "FactoryHandler",
      "source": "LIBRARY",
      "usesBlocking": false
    },
    {
      "complexityScore": 3,
      "complexityTier": "LOW",
      "fqn": "ratpack.handling.internal.MethodHandler",
      "handlerType": "HANDLER",
      "hasInjectAnnotation": false,
      "packageName": "ratpack.handling.internal",
      "promiseOperationCount": 0,
      "simpleName": "MethodHandler",
      "source": "LIBRARY",
      "usesBlocking": false
    },
    {
      "complexityScore": 3,
      "complexityTier": "LOW",
      "fqn": "ratpack.handling.internal.MultiMethodHandler",
      "handlerType": "HANDLER",
      "hasInjectAnnotation": false,
      "packageName": "ratpack.handling.internal",
      "promiseOperationCount": 0,
      "simpleName": "MultiMethodHandler",
      "source": "LIBRARY",
      "usesBlocking": false
    },
    {
      "complexityScore": 3,
      "complexityTier": "LOW",
      "fqn": "ratpack.handling.internal.NcsaRequestLogger",
      "handlerType": "HANDLER",
      "hasInjectAnnotation": false,
      "packageName": "ratpack.handling.internal",
      "promiseOperationCount": 0,
      "simpleName": "NcsaRequestLogger",
      "source": "LIBRARY",
      "usesBlocking": false
    },
    {
      "complexityScore": 0,
      "complexityTier": "LOW",
      "fqn": "ratpack.handling.internal.NextHandler",
      "handlerType": "HANDLER",
      "hasInjectAnnotation": false,
      "packageName": "ratpack.handling.internal",
      "promiseOperationCount": 0,
      "simpleName": "NextHandler",
      "source": "LIBRARY",
      "usesBlocking": false
    },
    {
      "complexityScore": 6,
      "complexityTier": "LOW",
      "fqn": "ratpack.handling.internal.OnlyIfHandler",
      "handlerType": "HANDLER",
      "hasInjectAnnotation": false,
      "packageName": "ratpack.handling.internal",
      "promiseOperationCount": 0,
      "simpleName": "OnlyIfHandler",
      "source": "LIBRARY",
      "usesBlocking": false
    },
    {
      "complexityScore": 6,
      "complexityTier": "LOW",
      "fqn": "ratpack.handling.internal.RedirectionHandler",
      "handlerType": "HANDLER",
      "hasInjectAnnotation": false,
      "packageName": "ratpack.handling.internal",
      "promiseOperationCount": 0,
      "simpleName": "RedirectionHandler",
      "source": "LIBRARY",
      "usesBlocking": false
    },
    {
      "complexityScore": 6,
      "complexityTier": "LOW",
      "fqn": "ratpack.handling.internal.RegistryInsertHandler",
      "handlerType": "HANDLER",
      "hasInjectAnnotation": false,
      "packageName": "ratpack.handling.internal",
      "promiseOperationCount": 0,
      "simpleName": "RegistryInsertHandler",
      "source": "LIBRARY",
      "usesBlocking": false
    },
    {
      "complexityScore": 3,
      "complexityTier": "LOW",
      "fqn": "ratpack.handling.internal.RegistryNextHandler",
      "handlerType": "HANDLER",
      "hasInjectAnnotation": false,
      "packageName": "ratpack.handling.internal",
      "promiseOperationCount": 0,
      "simpleName": "RegistryNextHandler",
      "source": "LIBRARY",
      "usesBlocking": false
    },
    {
      "complexityScore": 9,
      "complexityTier": "LOW",
      "fqn": "ratpack.handling.internal.WhenHandler",
      "handlerType": "HANDLER",
      "hasInjectAnnotation": false,
      "packageName": "ratpack.handling.internal",
      "promiseOperationCount": 0,
      "simpleName": "WhenHandler",
      "source": "LIBRARY",
      "usesBlocking": false
    },
    {
      "complexityScore": 6,
      "complexityTier": "LOW",
      "fqn": "ratpack.health.HealthCheckHandler",
      "handlerType": "HANDLER",
      "hasInjectAnnotation": false,
      "packageName": "ratpack.health",
      "promiseOperationCount": 0,
      "simpleName": "HealthCheckHandler",
      "source": "LIBRARY",
      "usesBlocking": false
    },
    {
      "complexityScore": 9,
      "complexityTier": "LOW",
      "fqn": "ratpack.path.internal.PathHandler",
      "handlerType": "HANDLER",
      "hasInjectAnnotation": false,
      "packageName": "ratpack.path.internal",
      "promiseOperationCount": 0,
      "simpleName": "PathHandler",
      "source": "LIBRARY",
      "usesBlocking": false
    },
    {
      "complexityScore": 11,
      "complexityTier": "LOW",
      "fqn": "sample.api.UsersApi",
      "handlerType": "CHAIN_ACTION",
      "hasInjectAnnotation": true,
      "packageName": "sample.api",
      "promiseOperationCount": 0,
      "simpleName": "UsersApi",
      "source": "PROJECT",
      "usesBlocking": false
    },
    {
      "complexityScore": 20,
      "complexityTier": "LOW",
      "fqn": "sample.handlers.AsyncHandler",
      "handlerType": "HANDLER",
      "hasInjectAnnotation": true,
      "packageName": "sample.handlers",
      "promiseOperationCount": 4,
      "simpleName": "AsyncHandler",
      "source": "PROJECT",
      "usesBlocking": false
    },
    {
      "complexityScore": 3,
      "complexityTier": "LOW",
      "fqn": "sample.handlers.BadHandler",
      "handlerType": "HANDLER",
      "hasInjectAnnotation": true,
      "packageName": "sample.handlers",
      "promiseOperationCount": 0,
      "simpleName": "BadHandler",
      "source": "PROJECT",
      "usesBlocking": false
    },
    {
      "complexityScore": 3,
      "complexityTier": "LOW",
      "fqn": "sample.handlers.BlockingHandler",
      "handlerType": "HANDLER",
      "hasInjectAnnotation": true,
      "packageName": "sample.handlers",
      "promiseOperationCount": 1,
      "simpleName": "BlockingHandler",
      "source": "PROJECT",
      "usesBlocking": false
    },
    {
      "complexityScore": 3,
      "complexityTier": "LOW",
      "fqn": "sample.handlers.LoggingBadHandler",
      "handlerType": "HANDLER",
      "hasInjectAnnotation": false,
      "packageName": "sample.handlers",
      "promiseOperationCount": 0,
      "simpleName": "LoggingBadHandler",
      "source": "PROJECT",
      "usesBlocking": false
    },
    {
      "complexityScore": 0,
      "complexityTier": "LOW",
      "fqn": "sample.handlers.SimpleHandler",
      "handlerType": "HANDLER",
      "hasInjectAnnotation": false,
      "packageName": "sample.handlers",
      "promiseOperationCount": 0,
      "simpleName": "SimpleHandler",
      "source": "PROJECT",
      "usesBlocking": false
    }
  ],
  "totalCount": 33
}
