{
  "filter": null,
  "summary": {
    "classesWithIntegrations": 1,
    "integrations": [
      {
        "classCount": 1,
        "primaryTypeFqn": "java.sql.Connection",
        "sampleClasses": [
          "sample.handlers.BadHandler"
        ],
        "subType": "JDBC",
        "type": "DATABASE",
        "usageCount": 1
      }
    ],
    "totalUsages": 1,
    "typeBreakdown": {
      "DATABASE": 1
    }
  }
}
