{
  "methods": [
    {
      "classFqn": "javax.inject.Provider",
      "classSimpleName": "Provider",
      "classSource": "JDK",
      "method": {
        "annotations": [],
        "isAbstract": true,
        "isFinal": false,
        "isStatic": false,
        "isSynthetic": false,
        "name": "get",
        "parameters": [],
        "returnType": "java.lang.Object",
        "visibility": "PUBLIC"
      }
    }
  ],
  "page": 0,
  "pageSize": 50,
  "totalCount": 1,
  "totalPages": 1
}
