{
  "methods": [
    {
      "classFqn": "sample.BadClass",
      "classSimpleName": "BadClass",
      "classSource": "PROJECT",
      "method": {
        "annotations": [
          {
            "parameters": {
              "value": {
                "kind": "STRING",
                "value": ""
              }
            },
            "type": "org.jetbrains.annotations.NotNull"
          }
        ],
        "descriptor": "()Ljava/lang/String;",
        "isAbstract": false,
        "isFinal": true,
        "isStatic": false,
        "isSynthetic": false,
        "name": "getName",
        "parameters": [],
        "returnType": "java.lang.String",
        "visibility": "PUBLIC"
      }
    },
    {
      "classFqn": "sample.handlers.AsyncHandler",
      "classSimpleName": "AsyncHandler",
      "classSource": "PROJECT",
      "method": {
        "annotations": [],
        "descriptor": "(Ljava/lang/String;)Ljava/lang/String;",
        "isAbstract": false,
        "isFinal": false,
        "isStatic": false,
        "isSynthetic": false,
        "name": "formatResponse",
        "parameters": [
          {
            "annotations": [],
            "name": "arg0",
            "type": "java.lang.String"
          }
        ],
        "returnType": "java.lang.String",
        "visibility": "PRIVATE"
      }
    }
  ],
  "page": 0,
  "pageSize": 50,
  "totalCount": 2,
  "totalPages": 1
}
