{
  "methods": [
    {
      "classFqn": "ratpack.bytebuf.ByteBufRef",
      "classSimpleName": "ByteBufRef",
      "classSource": "LIBRARY",
      "method": {
        "annotations": [],
        "isAbstract": false,
        "isFinal": false,
        "isStatic": false,
        "isSynthetic": false,
        "name": "getBoolean",
        "parameters": [
          {
            "annotations": [],
            "name": "arg0",
            "type": "int"
          }
        ],
        "returnType": "boolean",
        "visibility": "PUBLIC"
      }
    },
    {
      "classFqn": "ratpack.bytebuf.ByteBufRef",
      "classSimpleName": "ByteBufRef",
      "classSource": "LIBRARY",
      "method": {
        "annotations": [],
        "isAbstract": false,
        "isFinal": false,
        "isStatic": false,
        "isSynthetic": false,
        "name": "getByte",
        "parameters": [
          {
            "annotations": [],
            "name": "arg0",
            "type": "int"
          }
        ],
        "returnType": "byte",
        "visibility": "PUBLIC"
      }
    },
    {
      "classFqn": "ratpack.bytebuf.ByteBufRef",
      "classSimpleName": "ByteBufRef",
      "classSource": "LIBRARY",
      "method": {
        "annotations": [],
        "isAbstract": false,
        "isFinal": false,
        "isStatic": false,
        "isSynthetic": false,
        "name": "getBytes",
        "parameters": [
          {
            "annotations": [],
            "name": "arg0",
            "type": "int"
          },
          {
            "annotations": [],
            "name": "arg1",
            "type": "io.netty.buffer.ByteBuf"
          }
        ],
        "returnType": "io.netty.buffer.ByteBuf",
        "visibility": "PUBLIC"
      }
    },
    {
      "classFqn": "ratpack.bytebuf.ByteBufRef",
      "classSimpleName": "ByteBufRef",
      "classSource": "LIBRARY",
      "method": {
        "annotations": [],
        "isAbstract": false,
        "isFinal": false,
        "isStatic": false,
        "isSynthetic": false,
        "name": "getBytes",
        "parameters": [
          {
            "annotations": [],
            "name": "arg0",
            "type": "int"
          },
          {
            "annotations": [],
            "name": "arg1",
            "type": "io.netty.buffer.ByteBuf"
          },
          {
            "annotations": [],
            "name": "arg2",
            "type": "int"
          }
        ],
        "returnType": "io.netty.buffer.ByteBuf",
        "visibility": "PUBLIC"
      }
    },
    {
      "classFqn": "ratpack.bytebuf.ByteBufRef",
      "classSimpleName": "ByteBufRef",
      "classSource": "LIBRARY",
      "method": {
        "annotations": [],
        "isAbstract": false,
        "isFinal": false,
        "isStatic": false,
        "isSynthetic": false,
        "name": "getBytes",
        "parameters": [
          {
            "annotations": [],
            "name": "arg0",
            "type": "int"
          },
          {
            "annotations": [],
            "name": "arg1",
            "type": "io.netty.buffer.ByteBuf"
          },
          {
            "annotations": [],
            "name": "arg2",
            "type": "int"
          },
          {
            "annotations": [],
            "name": "arg3",
            "type": "int"
          }
        ],
        "returnType": "io.netty.buffer.ByteBuf",
        "visibility": "PUBLIC"
      }
    },
    {
      "classFqn": "ratpack.bytebuf.ByteBufRef",
      "classSimpleName": "ByteBufRef",
      "classSource": "LIBRARY",
      "method": {
        "annotations": [],
        "isAbstract": false,
        "isFinal": false,
        "isStatic": false,
        "isSynthetic": false,
        "name": "getBytes",
        "parameters": [
          {
            "annotations": [],
            "name": "arg0",
            "type": "int"
          },
          {
            "annotations": [],
            "name": "arg1",
            "type": "byte[]"
          }
        ],
        "returnType": "io.netty.buffer.ByteBuf",
        "visibility": "PUBLIC"
      }
    },
    {
      "classFqn": "ratpack.bytebuf.ByteBufRef",
      "classSimpleName": "ByteBufRef",
      "classSource": "LIBRARY",
      "method": {
        "annotations": [],
        "isAbstract": false,
        "isFinal": false,
        "isStatic": false,
        "isSynthetic": false,
        "name": "getBytes",
        "parameters": [
          {
            "annotations": [],
            "name": "arg0",
            "type": "int"
          },
          {
            "annotations": [],
            "name": "arg1",
            "type": "byte[]"
          },
          {
            "annotations": [],
            "name": "arg2",
            "type": "int"
          },
          {
            "annotations": [],
            "name": "arg3",
            "type": "int"
          }
        ],
        "returnType": "io.netty.buffer.ByteBuf",
        "visibility": "PUBLIC"
      }
    },
    {
      "classFqn": "ratpack.bytebuf.ByteBufRef",
      "classSimpleName": "ByteBufRef",
      "classSource": "LIBRARY",
      "method": {
        "annotations": [],
        "isAbstract": false,
        "isFinal": false,
        "isStatic": false,
        "isSynthetic": false,
        "name": "getBytes",
        "parameters": [
          {
            "annotations": [],
            "name": "arg0",
            "type": "int"
          },
          {
            "annotations": [],
            "name": "arg1",
            "type": "java.nio.ByteBuffer"
          }
        ],
        "returnType": "io.netty.buffer.ByteBuf",
        "visibility": "PUBLIC"
      }
    },
    {
      "classFqn": "ratpack.bytebuf.ByteBufRef",
      "classSimpleName": "ByteBufRef",
      "classSource": "LIBRARY",
      "method": {
        "annotations": [],
        "isAbstract": false,
        "isFinal": false,
        "isStatic": false,
        "isSynthetic": false,
        "name": "getBytes",
        "parameters": [
          {
            "annotations": [],
            "name": "arg0",
            "type": "int"
          },
          {
            "annotations": [],
            "name": "arg1",
            "type": "java.io.OutputStream"
          },
          {
            "annotations": [],
            "name": "arg2",
            "type": "int"
          }
        ],
        "returnType": "io.netty.buffer.ByteBuf",
        "visibility": "PUBLIC"
      }
    },
    {
      "classFqn": "ratpack.bytebuf.ByteBufRef",
      "classSimpleName": "ByteBufRef",
      "classSource": "LIBRARY",
      "method": {
        "annotations": [],
        "isAbstract": false,
        "isFinal": false,
        "isStatic": false,
        "isSynthetic": false,
        "name": "getBytes",
        "parameters": [
          {
            "annotations": [],
            "name": "arg0",
            "type": "int"
          },
          {
            "annotations": [],
            "name": "arg1",
            "type": "java.nio.channels.GatheringByteChannel"
          },
          {
            "annotations": [],
            "name": "arg2",
            "type": "int"
          }
        ],
        "returnType": "int",
        "visibility": "PUBLIC"
      }
    },
    {
      "classFqn": "ratpack.bytebuf.ByteBufRef",
      "classSimpleName": "ByteBufRef",
      "classSource": "LIBRARY",
      "method": {
        "annotations": [],
        "isAbstract": false,
        "isFinal": false,
        "isStatic": false,
        "isSynthetic": false,
        "name": "getBytes",
        "parameters": [
          {
            "annotations": [],
            "name": "arg0",
            "type": "int"
          },
          {
            "annotations": [],
            "name": "arg1",
            "type": "java.nio.channels.FileChannel"
          },
          {
            "annotations": [],
            "name": "arg2",
            "type": "long"
          },
          {
            "annotations": [],
            "name": "arg3",
            "type": "int"
          }
        ],
        "returnType": "int",
        "visibility": "PUBLIC"
      }
    },
    {
      "classFqn": "ratpack.bytebuf.ByteBufRef",
      "classSimpleName": "ByteBufRef",
      "classSource": "LIBRARY",
      "method": {
        "annotations": [],
        "isAbstract": false,
        "isFinal": false,
        "isStatic": false,
        "isSynthetic": false,
        "name": "getChar",
        "parameters": [
          {
            "annotations": [],
            "name": "arg0",
            "type": "int"
          }
        ],
        "returnType": "char",
        "visibility": "PUBLIC"
      }
    },
    {
      "classFqn": "ratpack.bytebuf.ByteBufRef",
      "classSimpleName": "ByteBufRef",
      "classSource": "LIBRARY",
      "method": {
        "annotations": [],
        "isAbstract": false,
        "isFinal": false,
        "isStatic": false,
        "isSynthetic": false,
        "name": "getCharSequence",
        "parameters": [
          {
            "annotations": [],
            "name": "arg0",
            "type": "int"
          },
          {
            "annotations": [],
            "name": "arg1",
            "type": "int"
          },
          {
            "annotations": [],
            "name": "arg2",
            "type": "java.nio.charset.Charset"
          }
        ],
        "returnType": "java.lang.CharSequence",
        "visibility": "PUBLIC"
      }
    },
    {
      "classFqn": "ratpack.bytebuf.ByteBufRef",
      "classSimpleName": "ByteBufRef",
      "classSource": "LIBRARY",
      "method": {
        "annotations": [],
        "isAbstract": false,
        "isFinal": false,
        "isStatic": false,
        "isSynthetic": false,
        "name": "getDouble",
        "parameters": [
          {
            "annotations": [],
            "name": "arg0",
            "type": "int"
          }
        ],
        "returnType": "double",
        "visibility": "PUBLIC"
      }
    },
    {
      "classFqn": "ratpack.bytebuf.ByteBufRef",
      "classSimpleName": "ByteBufRef",
      "classSource": "LIBRARY",
      "method": {
        "annotations": [],
        "isAbstract": false,
        "isFinal": false,
        "isStatic": false,
        "isSynthetic": false,
        "name": "getDoubleLE",
        "parameters": [
          {
            "annotations": [],
            "name": "arg0",
            "type": "int"
          }
        ],
        "returnType": "double",
        "visibility": "PUBLIC"
      }
    },
    {
      "classFqn": "ratpack.bytebuf.ByteBufRef",
      "classSimpleName": "ByteBufRef",
      "classSource": "LIBRARY",
      "method": {
        "annotations": [],
        "isAbstract": false,
        "isFinal": false,
        "isStatic": false,
        "isSynthetic": false,
        "name": "getFloat",
        "parameters": [
          {
            "annotations": [],
            "name": "arg0",
            "type": "int"
          }
        ],
        "returnType": "float",
        "visibility": "PUBLIC"
      }
    },
    {
      "classFqn": "ratpack.bytebuf.ByteBufRef",
      "classSimpleName": "ByteBufRef",
      "classSource": "LIBRARY",
      "method": {
        "annotations": [],
        "isAbstract": false,
        "isFinal": false,
        "isStatic": false,
        "isSynthetic": false,
        "name": "getFloatLE",
        "parameters": [
          {
            "annotations": [],
            "name": "arg0",
            "type": "int"
          }
        ],
        "returnType": "float",
        "visibility": "PUBLIC"
      }
    },
    {
      "classFqn": "ratpack.bytebuf.ByteBufRef",
      "classSimpleName": "ByteBufRef",
      "classSource": "LIBRARY",
      "method": {
        "annotations": [],
        "isAbstract": false,
        "isFinal": false,
        "isStatic": false,
        "isSynthetic": false,
        "name": "getInt",
        "parameters": [
          {
            "annotations": [],
            "name": "arg0",
            "type": "int"
          }
        ],
        "returnType": "int",
        "visibility": "PUBLIC"
      }
    },
    {
      "classFqn": "ratpack.bytebuf.ByteBufRef",
      "classSimpleName": "ByteBufRef",
      "classSource": "LIBRARY",
      "method": {
        "annotations": [],
        "isAbstract": false,
        "isFinal": false,
        "isStatic": false,
        "isSynthetic": false,
        "name": "getIntLE",
        "parameters": [
          {
            "annotations": [],
            "name": "arg0",
            "type": "int"
          }
        ],
        "returnType": "int",
        "visibility": "PUBLIC"
      }
    },
    {
      "classFqn": "ratpack.bytebuf.ByteBufRef",
      "classSimpleName": "ByteBufRef",
      "classSource": "LIBRARY",
      "method": {
        "annotations": [],
        "isAbstract": false,
        "isFinal": false,
        "isStatic": false,
        "isSynthetic": false,
        "name": "getLong",
        "parameters": [
          {
            "annotations": [],
            "name": "arg0",
            "type": "int"
          }
        ],
        "returnType": "long",
        "visibility": "PUBLIC"
      }
    },
    {
      "classFqn": "ratpack.bytebuf.ByteBufRef",
      "classSimpleName": "ByteBufRef",
      "classSource": "LIBRARY",
      "method": {
        "annotations": [],
        "isAbstract": false,
        "isFinal": false,
        "isStatic": false,
        "isSynthetic": false,
        "name": "getLongLE",
        "parameters": [
          {
            "annotations": [],
            "name": "arg0",
            "type": "int"
          }
        ],
        "returnType": "long",
        "visibility": "PUBLIC"
      }
    },
    {
      "classFqn": "ratpack.bytebuf.ByteBufRef",
      "classSimpleName": "ByteBufRef",
      "classSource": "LIBRARY",
      "method": {
        "annotations": [],
        "isAbstract": false,
        "isFinal": false,
        "isStatic": false,
        "isSynthetic": false,
        "name": "getMedium",
        "parameters": [
          {
            "annotations": [],
            "name": "arg0",
            "type": "int"
          }
        ],
        "returnType": "int",
        "visibility": "PUBLIC"
      }
    },
    {
      "classFqn": "ratpack.bytebuf.ByteBufRef",
      "classSimpleName": "ByteBufRef",
      "classSource": "LIBRARY",
      "method": {
        "annotations": [],
        "isAbstract": false,
        "isFinal": false,
        "isStatic": false,
        "isSynthetic": false,
        "name": "getMediumLE",
        "parameters": [
          {
            "annotations": [],
            "name": "arg0",
            "type": "int"
          }
        ],
        "returnType": "int",
        "visibility": "PUBLIC"
      }
    },
    {
      "classFqn": "ratpack.bytebuf.ByteBufRef",
      "classSimpleName": "ByteBufRef",
      "classSource": "LIBRARY",
      "method": {
        "annotations": [],
        "isAbstract": false,
        "isFinal": false,
        "isStatic": false,
        "isSynthetic": false,
        "name": "getShort",
        "parameters": [
          {
            "annotations": [],
            "name": "arg0",
            "type": "int"
          }
        ],
        "returnType": "short",
        "visibility": "PUBLIC"
      }
    },
    {
      "classFqn": "ratpack.bytebuf.ByteBufRef",
      "classSimpleName": "ByteBufRef",
      "classSource": "LIBRARY",
      "method": {
        "annotations": [],
        "isAbstract": false,
        "isFinal": false,
        "isStatic": false,
        "isSynthetic": false,
        "name": "getShortLE",
        "parameters": [
          {
            "annotations": [],
            "name": "arg0",
            "type": "int"
          }
        ],
        "returnType": "short",
        "visibility": "PUBLIC"
      }
    },
    {
      "classFqn": "ratpack.bytebuf.ByteBufRef",
      "classSimpleName": "ByteBufRef",
      "classSource": "LIBRARY",
      "method": {
        "annotations": [],
        "isAbstract": false,
        "isFinal": false,
        "isStatic": false,
        "isSynthetic": false,
        "name": "getUnsignedByte",
        "parameters": [
          {
            "annotations": [],
            "name": "arg0",
            "type": "int"
          }
        ],
        "returnType": "short",
        "visibility": "PUBLIC"
      }
    },
    {
      "classFqn": "ratpack.bytebuf.ByteBufRef",
      "classSimpleName": "ByteBufRef",
      "classSource": "LIBRARY",
      "method": {
        "annotations": [],
        "isAbstract": false,
        "isFinal": false,
        "isStatic": false,
        "isSynthetic": false,
        "name": "getUnsignedInt",
        "parameters": [
          {
            "annotations": [],
            "name": "arg0",
            "type": "int"
          }
        ],
        "returnType": "long",
        "visibility": "PUBLIC"
      }
    },
    {
      "classFqn": "ratpack.bytebuf.ByteBufRef",
      "classSimpleName": "ByteBufRef",
      "classSource": "LIBRARY",
      "method": {
        "annotations": [],
        "isAbstract": false,
        "isFinal": false,
        "isStatic": false,
        "isSynthetic": false,
        "name": "getUnsignedIntLE",
        "parameters": [
          {
            "annotations": [],
            "name": "arg0",
            "type": "int"
          }
        ],
        "returnType": "long",
        "visibility": "PUBLIC"
      }
    },
    {
      "classFqn": "ratpack.bytebuf.ByteBufRef",
      "classSimpleName": "ByteBufRef",
      "classSource": "LIBRARY",
      "method": {
        "annotations": [],
        "isAbstract": false,
        "isFinal": false,
        "isStatic": false,
        "isSynthetic": false,
        "name": "getUnsignedMedium",
        "parameters": [
          {
            "annotations": [],
            "name": "arg0",
            "type": "int"
          }
        ],
        "returnType": "int",
        "visibility": "PUBLIC"
      }
    },
    {
      "classFqn": "ratpack.bytebuf.ByteBufRef",
      "classSimpleName": "ByteBufRef",
      "classSource": "LIBRARY",
      "method": {
        "annotations": [],
        "isAbstract": false,
        "isFinal": false,
        "isStatic": false,
        "isSynthetic": false,
        "name": "getUnsignedMediumLE",
        "parameters": [
          {
            "annotations": [],
            "name": "arg0",
            "type": "int"
          }
        ],
        "returnType": "int",
        "visibility": "PUBLIC"
      }
    },
    {
      "classFqn": "ratpack.bytebuf.ByteBufRef",
      "classSimpleName": "ByteBufRef",
      "classSource": "LIBRARY",
      "method": {
        "annotations": [],
        "isAbstract": false,
        "isFinal": false,
        "isStatic": false,
        "isSynthetic": false,
        "name": "getUnsignedShort",
        "parameters": [
          {
            "annotations": [],
            "name": "arg0",
            "type": "int"
          }
        ],
        "returnType": "int",
        "visibility": "PUBLIC"
      }
    },
    {
      "classFqn": "ratpack.bytebuf.ByteBufRef",
      "classSimpleName": "ByteBufRef",
      "classSource": "LIBRARY",
      "method": {
        "annotations": [],
        "isAbstract": false,
        "isFinal": false,
        "isStatic": false,
        "isSynthetic": false,
        "name": "getUnsignedShortLE",
        "parameters": [
          {
            "annotations": [],
            "name": "arg0",
            "type": "int"
          }
        ],
        "returnType": "int",
        "visibility": "PUBLIC"
      }
    },
    {
      "classFqn": "ratpack.config.ConfigData",
      "classSimpleName": "ConfigData",
      "classSource": "LIBRARY",
      "method": {
        "annotations": [],
        "isAbstract": false,
        "isFinal": false,
        "isStatic": false,
        "isSynthetic": false,
        "name": "get",
        "parameters": [
          {
            "annotations": [],
            "name": "arg0",
            "type": "java.lang.String"
          },
          {
            "annotations": [],
            "name": "arg1",
            "type": "java.lang.Class"
          }
        ],
        "returnType": "java.lang.Object",
        "visibility": "PUBLIC"
      }
    },
    {
      "classFqn": "ratpack.config.ConfigData",
      "classSimpleName": "ConfigData",
      "classSource": "LIBRARY",
      "method": {
        "annotations": [],
        "isAbstract": false,
        "isFinal": false,
        "isStatic": false,
        "isSynthetic": false,
        "name": "get",
        "parameters": [
          {
            "annotations": [],
            "name": "arg0",
            "type": "java.lang.Class"
          }
        ],
        "returnType": "java.lang.Object",
        "visibility": "PUBLIC"
      }
    },
    {
      "classFqn": "ratpack.config.ConfigData",
      "classSimpleName": "ConfigData",
      "classSource": "LIBRARY",
      "method": {
        "annotations": [],
        "isAbstract": false,
        "isFinal": false,
        "isStatic": false,
        "isSynthetic": false,
        "name": "getAsConfigObject",
        "parameters": [
          {
            "annotations": [],
            "name": "arg0",
            "type": "java.lang.String"
          },
          {
            "annotations": [],
            "name": "arg1",
            "type": "java.lang.Class"
          }
        ],
        "returnType": "ratpack.config.ConfigObject",
        "visibility": "PUBLIC"
      }
    },
    {
      "classFqn": "ratpack.config.ConfigData",
      "classSimpleName": "ConfigData",
      "classSource": "LIBRARY",
      "method": {
        "annotations": [],
        "isAbstract": true,
        "isFinal": false,
        "isStatic": false,
        "isSynthetic": false,
        "name": "getAsConfigObject",
        "parameters": [
          {
            "annotations": [],
            "name": "arg0",
            "type": "java.lang.String"
          },
          {
            "annotations": [],
            "name": "arg1",
            "type": "com.google.common.reflect.TypeToken"
          }
        ],
        "returnType": "ratpack.config.ConfigObject",
        "visibility": "PUBLIC"
      }
    },
    {
      "classFqn": "ratpack.config.ConfigData",
      "classSimpleName": "ConfigData",
      "classSource": "LIBRARY",
      "method": {
        "annotations": [],
        "isAbstract": true,
        "isFinal": false,
        "isStatic": false,
        "isSynthetic": false,
        "name": "getRootNode",
        "parameters": [],
        "returnType": "com.fasterxml.jackson.databind.node.ObjectNode",
        "visibility": "PUBLIC"
      }
    },
    {
      "classFqn": "ratpack.config.ConfigDataBuilder",
      "classSimpleName": "ConfigDataBuilder",
      "classSource": "LIBRARY",
      "method": {
        "annotations": [],
        "isAbstract": true,
        "isFinal": false,
        "isStatic": false,
        "isSynthetic": false,
        "name": "getConfigSources",
        "parameters": [],
        "returnType": "com.google.common.collect.ImmutableList",
        "visibility": "PUBLIC"
      }
    },
    {
      "classFqn": "ratpack.config.ConfigDataBuilder",
      "classSimpleName": "ConfigDataBuilder",
      "classSource": "LIBRARY",
      "method": {
        "annotations": [],
        "isAbstract": true,
        "isFinal": false,
        "isStatic": false,
        "isSynthetic": false,
        "name": "getObjectMapper",
        "parameters": [],
        "returnType": "com.fasterxml.jackson.databind.ObjectMapper",
        "visibility": "PUBLIC"
      }
    },
    {
      "classFqn": "ratpack.config.ConfigObject",
      "classSimpleName": "ConfigObject",
      "classSource": "LIBRARY",
      "method": {
        "annotations": [],
        "isAbstract": true,
        "isFinal": false,
        "isStatic": false,
        "isSynthetic": false,
        "name": "getObject",
        "parameters": [],
        "returnType": "java.lang.Object",
        "visibility": "PUBLIC"
      }
    },
    {
      "classFqn": "ratpack.config.ConfigObject",
      "classSimpleName": "ConfigObject",
      "classSource": "LIBRARY",
      "method": {
        "annotations": [],
        "isAbstract": true,
        "isFinal": false,
        "isStatic": false,
        "isSynthetic": false,
        "name": "getPath",
        "parameters": [],
        "returnType": "java.lang.String",
        "visibility": "PUBLIC"
      }
    },
    {
      "classFqn": "ratpack.config.ConfigObject",
      "classSimpleName": "ConfigObject",
      "classSource": "LIBRARY",
      "method": {
        "annotations": [],
        "isAbstract": true,
        "isFinal": false,
        "isStatic": false,
        "isSynthetic": false,
        "name": "getType",
        "parameters": [],
        "returnType": "java.lang.Class",
        "visibility": "PUBLIC"
      }
    },
    {
      "classFqn": "ratpack.config.ConfigObject",
      "classSimpleName": "ConfigObject",
      "classSource": "LIBRARY",
      "method": {
        "annotations": [],
        "isAbstract": true,
        "isFinal": false,
        "isStatic": false,
        "isSynthetic": false,
        "name": "getTypeToken",
        "parameters": [],
        "returnType": "com.google.common.reflect.TypeToken",
        "visibility": "PUBLIC"
      }
    },
    {
      "classFqn": "ratpack.config.internal.DefaultConfigData",
      "classSimpleName": "DefaultConfigData",
      "classSource": "LIBRARY",
      "method": {
        "annotations": [],
        "isAbstract": false,
        "isFinal": false,
        "isStatic": false,
        "isSynthetic": false,
        "name": "getAsConfigObject",
        "parameters": [
          {
            "annotations": [],
            "name": "arg0",
            "type": "java.lang.String"
          },
          {
            "annotations": [],
            "name": "arg1",
            "type": "com.google.common.reflect.TypeToken"
          }
        ],
        "returnType": "ratpack.config.ConfigObject",
        "visibility": "PUBLIC"
      }
    },
    {
      "classFqn": "ratpack.config.internal.DefaultConfigData",
      "classSimpleName": "DefaultConfigData",
      "classSource": "LIBRARY",
      "method": {
        "annotations": [],
        "isAbstract": false,
        "isFinal": false,
        "isStatic": false,
        "isSynthetic": false,
        "name": "getRootNode",
        "parameters": [],
        "returnType": "com.fasterxml.jackson.databind.node.ObjectNode",
        "visibility": "PUBLIC"
      }
    },
    {
      "classFqn": "ratpack.config.internal.DefaultConfigDataBuilder",
      "classSimpleName": "DefaultConfigDataBuilder",
      "classSource": "LIBRARY",
      "method": {
        "annotations": [],
        "isAbstract": false,
        "isFinal": false,
        "isStatic": false,
        "isSynthetic": false,
        "name": "getConfigSources",
        "parameters": [],
        "returnType": "com.google.common.collect.ImmutableList",
        "visibility": "PUBLIC"
      }
    },
    {
      "classFqn": "ratpack.config.internal.DefaultConfigDataBuilder",
      "classSimpleName": "DefaultConfigDataBuilder",
      "classSource": "LIBRARY",
      "method": {
        "annotations": [],
        "isAbstract": false,
        "isFinal": false,
        "isStatic": false,
        "isSynthetic": false,
        "name": "getObjectMapper",
        "parameters": [],
        "returnType": "com.fasterxml.jackson.databind.ObjectMapper",
        "visibility": "PUBLIC"
      }
    },
    {
      "classFqn": "ratpack.config.internal.DefaultConfigObject",
      "classSimpleName": "DefaultConfigObject",
      "classSource": "LIBRARY",
      "method": {
        "annotations": [],
        "isAbstract": false,
        "isFinal": false,
        "isStatic": false,
        "isSynthetic": false,
        "name": "getObject",
        "parameters": [],
        "returnType": "java.lang.Object",
        "visibility": "PUBLIC"
      }
    },
    {
      "classFqn": "ratpack.config.internal.DefaultConfigObject",
      "classSimpleName": "DefaultConfigObject",
      "classSource": "LIBRARY",
      "method": {
        "annotations": [],
        "isAbstract": false,
        "isFinal": false,
        "isStatic": false,
        "isSynthetic": false,
        "name": "getPath",
        "parameters": [],
        "returnType": "java.lang.String",
        "visibility": "PUBLIC"
      }
    },
    {
      "classFqn": "ratpack.config.internal.DefaultConfigObject",
      "classSimpleName": "DefaultConfigObject",
      "classSource": "LIBRARY",
      "method": {
        "annotations": [],
        "isAbstract": false,
        "isFinal": false,
        "isStatic": false,
        "isSynthetic": false,
        "name": "getType",
        "parameters": [],
        "returnType": "java.lang.Class",
        "visibility": "PUBLIC"
      }
    }
  ],
  "page": 0,
  "pageSize": 50,
  "totalCount": 744,
  "totalPages": 15
}
