{
  "results": [
    {
      "classFqn": "sample.handlers.AsyncHandler",
      "maxChainDepth": 1,
      "operations": [
        {
          "chainDepth": 1,
          "methodName": "fetchUserData",
          "operationType": "PROMISE_VALUE"
        },
        {
          "chainDepth": 1,
          "methodName": "processUserAction",
          "operationType": "PROMISE_VALUE"
        },
        {
          "chainDepth": 1,
          "methodName": "lambda$handle$3",
          "operationType": "EXECUTION_FORK"
        },
        {
          "chainDepth": 1,
          "methodName": "lambda$handle$0",
          "operationType": "PROMISE_VALUE"
        }
      ],
      "promiseReturningMethods": [
        "fetchUserData",
        "processUserAction",
        "lambda$handle$0"
      ],
      "totalOperationCount": 4,
      "usesAsync": false,
      "usesBlocking": false,
      "usesFork": true,
      "usesParallelBatch": false
    },
    {
      "classFqn": "sample.handlers.BlockingHandler",
      "maxChainDepth": 1,
      "operations": [
        {
          "chainDepth": 1,
          "methodName": "getUserName",
          "operationType": "PROMISE_VALUE"
        }
      ],
      "promiseReturningMethods": [
        "getUserName"
      ],
      "totalOperationCount": 1,
      "usesAsync": false,
      "usesBlocking": false,
      "usesFork": false,
      "usesParallelBatch": false
    }
  ],
  "totalCount": 2
}
