{
  "results": [
    {
      "classFqn": "sample.handlers.BlockingHandler",
      "maxChainDepth": 1,
      "operations": [
        {
          "chainDepth": 1,
          "methodName": "getUserName",
          "operationType": "PROMISE_VALUE"
        }
      ],
      "promiseReturningMethods": [
        "getUserName"
      ],
      "totalOperationCount": 1,
      "usesAsync": false,
      "usesBlocking": false,
      "usesFork": false,
      "usesParallelBatch": false
    }
  ],
  "totalCount": 1
}
