{
  "appliedFilter": {
    "includeLibraries": false,
    "kind": "FIELD",
    "scopeImplementing": null
  },
  "countsByKind": {
    "CALL_RECEIVER": 3,
    "FIELD": 2,
    "IMPLEMENTS": 1,
    "PARAM": 2,
    "RETURN": 1
  },
  "countsByPackage": {
    "sample.handlers": 2
  },
  "page": 0,
  "pageSize": 50,
  "references": [
    {
      "detail": "sample.handlers.UserService",
      "fromFqn": "sample.handlers.AsyncHandler",
      "fromSimpleName": "AsyncHandler",
      "fromSource": "PROJECT",
      "kind": "FIELD",
      "lineNumber": null,
      "member": "userService"
    },
    {
      "detail": "sample.handlers.UserService",
      "fromFqn": "sample.handlers.BlockingHandler",
      "fromSimpleName": "BlockingHandler",
      "fromSource": "PROJECT",
      "kind": "FIELD",
      "lineNumber": null,
      "member": "userService"
    }
  ],
  "totalCount": 2,
  "totalPages": 1,
  "typeFqn": "sample.handlers.UserService"
}
