{
  "appliedFilter": {
    "includeLibraries": false,
    "kind": null,
    "scopeImplementing": null
  },
  "countsByKind": {
    "ANNOTATION": 5
  },
  "countsByPackage": {
    "sample.api": 1,
    "sample.handlers": 4
  },
  "page": 0,
  "pageSize": 50,
  "references": [
    {
      "detail": "class",
      "fromFqn": "sample.api.UsersApi",
      "fromSimpleName": "UsersApi",
      "fromSource": "PROJECT",
      "kind": "ANNOTATION",
      "lineNumber": null,
      "member": null
    },
    {
      "detail": "class",
      "fromFqn": "sample.handlers.AsyncHandler",
      "fromSimpleName": "AsyncHandler",
      "fromSource": "PROJECT",
      "kind": "ANNOTATION",
      "lineNumber": null,
      "member": null
    },
    {
      "detail": "class",
      "fromFqn": "sample.handlers.BadHandler",
      "fromSimpleName": "BadHandler",
      "fromSource": "PROJECT",
      "kind": "ANNOTATION",
      "lineNumber": null,
      "member": null
    },
    {
      "detail": "class",
      "fromFqn": "sample.handlers.BlockingHandler",
      "fromSimpleName": "BlockingHandler",
      "fromSource": "PROJECT",
      "kind": "ANNOTATION",
      "lineNumber": null,
      "member": null
    },
    {
      "detail": "class",
      "fromFqn": "sample.handlers.SimpleHandler",
      "fromSimpleName": "SimpleHandler",
      "fromSource": "PROJECT",
      "kind": "ANNOTATION",
      "lineNumber": null,
      "member": null
    }
  ],
  "totalCount": 5,
  "totalPages": 1,
  "typeFqn": "javax.inject.Singleton"
}
