{
  "appliedFilter": {
    "includeLibraries": false,
    "kind": null,
    "scopeImplementing": null
  },
  "countsByKind": {
    "CALL_RECEIVER": 3
  },
  "countsByPackage": {
    "sample.handlers": 3
  },
  "page": 0,
  "pageSize": 50,
  "references": [
    {
      "detail": "get",
      "fromFqn": "sample.handlers.AsyncHandler",
      "fromSimpleName": "AsyncHandler",
      "fromSource": "PROJECT",
      "kind": "CALL_RECEIVER",
      "lineNumber": 50,
      "member": "fetchUserData"
    },
    {
      "detail": "get",
      "fromFqn": "sample.handlers.BlockingHandler",
      "fromSimpleName": "BlockingHandler",
      "fromSource": "PROJECT",
      "kind": "CALL_RECEIVER",
      "lineNumber": 38,
      "member": "getUserName"
    },
    {
      "detail": "get",
      "fromFqn": "sample.handlers.BlockingHandler",
      "fromSimpleName": "BlockingHandler",
      "fromSource": "PROJECT",
      "kind": "CALL_RECEIVER",
      "lineNumber": 29,
      "member": "handle"
    }
  ],
  "totalCount": 3,
  "totalPages": 1,
  "typeFqn": "ratpack.exec.Blocking"
}
